Component: ARM Compiler 5.06 update 7 for Certification (build 960) Tool: armlink [4d3601]

==============================================================================

Section Cross References

    startup_stm32f042x6.o(STACK) refers (Special) to heapauxi.o(.text) for __use_two_region_memory
    startup_stm32f042x6.o(HEAP) refers (Special) to heapauxi.o(.text) for __use_two_region_memory
    startup_stm32f042x6.o(RESET) refers (Special) to heapauxi.o(.text) for __use_two_region_memory
    startup_stm32f042x6.o(RESET) refers to startup_stm32f042x6.o(STACK) for __initial_sp
    startup_stm32f042x6.o(RESET) refers to startup_stm32f042x6.o(.text) for Reset_Handler
    startup_stm32f042x6.o(RESET) refers to stm32f0xx_it.o(i.NMI_Handler) for NMI_Handler
    startup_stm32f042x6.o(RESET) refers to stm32f0xx_it.o(i.HardFault_Handler) for HardFault_Handler
    startup_stm32f042x6.o(RESET) refers to port.o(i.SVC_Handler) for SVC_Handler
    startup_stm32f042x6.o(RESET) refers to port.o(.emb_text) for PendSV_Handler
    startup_stm32f042x6.o(RESET) refers to port.o(i.SysTick_Handler) for SysTick_Handler
    startup_stm32f042x6.o(RESET) refers to stm32f0xx_it.o(i.TIM17_IRQHandler) for TIM17_IRQHandler
    startup_stm32f042x6.o(RESET) refers to stm32f0xx_it.o(i.I2C1_IRQHandler) for I2C1_IRQHandler
    startup_stm32f042x6.o(.text) refers (Special) to heapauxi.o(.text) for __use_two_region_memory
    startup_stm32f042x6.o(.text) refers to startup_stm32f042x6.o(STACK) for __initial_sp
    startup_stm32f042x6.o(.text) refers to system_stm32f0xx.o(i.SystemInit) for SystemInit
    startup_stm32f042x6.o(.text) refers to __main.o(!!!main) for __main
    startup_stm32f042x6.o(.text) refers to startup_stm32f042x6.o(HEAP) for Heap_Mem
    main.o(i.HAL_TIM_PeriodElapsedCallback) refers to stm32f0xx_hal.o(i.HAL_IncTick) for HAL_IncTick
    main.o(i.SystemClock_Config) refers to rt_memclr.o(.text) for __aeabi_memclr4
    main.o(i.SystemClock_Config) refers to stm32f0xx_hal_rcc.o(i.HAL_RCC_OscConfig) for HAL_RCC_OscConfig
    main.o(i.SystemClock_Config) refers to main.o(i.Error_Handler) for Error_Handler
    main.o(i.SystemClock_Config) refers to stm32f0xx_hal_rcc.o(i.HAL_RCC_ClockConfig) for HAL_RCC_ClockConfig
    main.o(i.SystemClock_Config) refers to stm32f0xx_hal_rcc_ex.o(i.HAL_RCCEx_PeriphCLKConfig) for HAL_RCCEx_PeriphCLKConfig
    main.o(i.main) refers to stm32f0xx_hal.o(i.HAL_Init) for HAL_Init
    main.o(i.main) refers to main.o(i.SystemClock_Config) for SystemClock_Config
    main.o(i.main) refers to gpio.o(i.MX_GPIO_Init) for MX_GPIO_Init
    main.o(i.main) refers to i2c.o(i.MX_I2C1_Init) for MX_I2C1_Init
    main.o(i.main) refers to freertos.o(i.MX_FREERTOS_Init) for MX_FREERTOS_Init
    main.o(i.main) refers to cmsis_os.o(i.osKernelStart) for osKernelStart
    gpio.o(i.MX_GPIO_Init) refers to rt_memclr.o(.text) for __aeabi_memclr4
    gpio.o(i.MX_GPIO_Init) refers to stm32f0xx_hal_gpio.o(i.HAL_GPIO_WritePin) for HAL_GPIO_WritePin
    gpio.o(i.MX_GPIO_Init) refers to stm32f0xx_hal_gpio.o(i.HAL_GPIO_Init) for HAL_GPIO_Init
    freertos.o(i.MX_FREERTOS_Init) refers to rt_memcpy.o(.emb_text) for __aeabi_memcpy4
    freertos.o(i.MX_FREERTOS_Init) refers to cmsis_os.o(i.osThreadCreate) for osThreadCreate
    freertos.o(i.MX_FREERTOS_Init) refers to freertos.o(.constdata) for .constdata
    freertos.o(i.MX_FREERTOS_Init) refers to freertos.o(.data) for StartTasksHandle
    freertos.o(i.StartAllTasks) refers to tasks.o(i.vTaskDelete) for vTaskDelete
    freertos.o(i.vApplicationGetIdleTaskMemory) refers to freertos.o(.bss) for xIdleTaskTCBBuffer
    freertos.o(.constdata) refers to freertos.o(.conststring) for .conststring
    freertos.o(.constdata) refers to freertos.o(i.StartAllTasks) for StartAllTasks
    freertos.o(.constdata) refers to usertasks.o(i.ADC_Task) for ADC_Task
    freertos.o(.constdata) refers to usertasks.o(i.LED_Task) for LED_Task
    freertos.o(.constdata) refers to usertasks.o(i.Power_Task) for Power_Task
    i2c.o(i.HAL_I2C_MspDeInit) refers to stm32f0xx_hal_gpio.o(i.HAL_GPIO_DeInit) for HAL_GPIO_DeInit
    i2c.o(i.HAL_I2C_MspDeInit) refers to stm32f0xx_hal_cortex.o(i.HAL_NVIC_DisableIRQ) for HAL_NVIC_DisableIRQ
    i2c.o(i.HAL_I2C_MspInit) refers to rt_memclr.o(.text) for __aeabi_memclr4
    i2c.o(i.HAL_I2C_MspInit) refers to stm32f0xx_hal_gpio.o(i.HAL_GPIO_Init) for HAL_GPIO_Init
    i2c.o(i.HAL_I2C_MspInit) refers to stm32f0xx_hal_cortex.o(i.HAL_NVIC_SetPriority) for HAL_NVIC_SetPriority
    i2c.o(i.HAL_I2C_MspInit) refers to stm32f0xx_hal_cortex.o(i.HAL_NVIC_EnableIRQ) for HAL_NVIC_EnableIRQ
    i2c.o(i.MX_I2C1_Init) refers to stm32f0xx_hal_i2c.o(i.HAL_I2C_Init) for HAL_I2C_Init
    i2c.o(i.MX_I2C1_Init) refers to main.o(i.Error_Handler) for Error_Handler
    i2c.o(i.MX_I2C1_Init) refers to stm32f0xx_hal_i2c_ex.o(i.HAL_I2CEx_ConfigAnalogFilter) for HAL_I2CEx_ConfigAnalogFilter
[...]
    .ARM.Collect$$rtexit$$00000002           0x08000158   Section        0  rtexit2.o(.ARM.Collect$$rtexit$$00000002)
    .ARM.Collect$$rtexit$$00000003           0x08000158   Section        4  rtexit2.o(.ARM.Collect$$rtexit$$00000003)
    .ARM.Collect$$rtexit$$00000004           0x0800015c   Section        6  rtexit2.o(.ARM.Collect$$rtexit$$00000004)
    .emb_text                                0x08000164   Section      120  port.o(.emb_text)
    .emb_text                                0x080001dc   Section       56  rt_memcpy.o(.emb_text)
    .text                                    0x08000214   Section      116  startup_stm32f042x6.o(.text)
    .text                                    0x08000288   Section        0  lludiv.o(.text)
    .text                                    0x0800038a   Section        0  rt_memclr.o(.text)
    .text                                    0x080003ca   Section      346  aeabi_sdiv.o(.text)
    .text                                    0x08000524   Section        0  heapauxi.o(.text)
    .text                                    0x0800052c   Section        0  d2f.o(.text)
    .text                                    0x080005a8   Section        0  daddsub.o(.text)
    _dadd1                                   0x080005a9   Thumb Code   290  daddsub.o(.text)
    _dsub1                                   0x080006cb   Thumb Code   470  daddsub.o(.text)
    .text                                    0x08000900   Section        0  dmul.o(.text)
    .text                                    0x08000b48   Section        0  f2d.o(.text)
    .text                                    0x08000b9c   Section        0  fdiv.o(.text)
    .text                                    0x08000cfc   Section        0  ffixui.o(.text)
    .text                                    0x08000d2c   Section        0  fflti.o(.text)
    .text                                    0x08000d8c   Section        0  fcmpin.o(.text)
    .text                                    0x08000df0   Section        0  frnd.o(.text)
    .text                                    0x08000e70   Section        0  cmpret.o(.text)
    .text                                    0x08000ea0   Section        0  fnan2.o(.text)
    .text                                    0x08000eb0   Section       62  sys_stackheap_outer.o(.text)
    .text                                    0x08000eee   Section        0  exit.o(.text)
    .text                                    0x08000efe   Section        0  retnan.o(.text)
    .text                                    0x08000f5c   Section        8  libspace.o(.text)
    .text                                    0x08000f64   Section        0  sys_exit.o(.text)
    .text                                    0x08000f70   Section        2  use_no_semi.o(.text)
    .text                                    0x08000f72   Section        0  indicate_semi.o(.text)
    i.ADC_Task                               0x08000f74   Section        0  usertasks.o(i.ADC_Task)
    i.Error_Handler                          0x08000fd8   Section        0  main.o(i.Error_Handler)
    i.HAL_DMA_Abort_IT                       0x08000fde   Section        0  stm32f0xx_hal_dma.o(i.HAL_DMA_Abort_IT)
    i.HAL_DMA_GetState                       0x08001036   Section        0  stm32f0xx_hal_dma.o(i.HAL_DMA_GetState)
    i.HAL_GPIO_Init                          0x08001040   Section        0  stm32f0xx_hal_gpio.o(i.HAL_GPIO_Init)
    i.HAL_GPIO_TogglePin                     0x08001220   Section        0  stm32f0xx_hal_gpio.o(i.HAL_GPIO_TogglePin)
    i.HAL_GPIO_WritePin                      0x08001234   Section        0  stm32f0xx_hal_gpio.o(i.HAL_GPIO_WritePin)
    i.HAL_GetTick                            0x08001240   Section        0  stm32f0xx_hal.o(i.HAL_GetTick)
    i.HAL_I2CEx_ConfigAnalogFilter           0x0800124c   Section        0  stm32f0xx_hal_i2c_ex.o(i.HAL_I2CEx_ConfigAnalogFilter)
    i.HAL_I2CEx_ConfigDigitalFilter          0x080012ba   Section        0  stm32f0xx_hal_i2c_ex.o(i.HAL_I2CEx_ConfigDigitalFilter)
    i.HAL_I2C_AbortCpltCallback              0x0800132a   Section        0  stm32f0xx_hal_i2c.o(i.HAL_I2C_AbortCpltCallback)
    i.HAL_I2C_AddrCallback                   0x0800132c   Section        0  stm32f0xx_hal_i2c.o(i.HAL_I2C_AddrCallback)
    i.HAL_I2C_ER_IRQHandler                  0x0800132e   Section        0  stm32f0xx_hal_i2c.o(i.HAL_I2C_ER_IRQHandler)
    i.HAL_I2C_EV_IRQHandler                  0x080013ba   Section        0  stm32f0xx_hal_i2c.o(i.HAL_I2C_EV_IRQHandler)
    i.HAL_I2C_ErrorCallback                  0x080013d8   Section        0  stm32f0xx_hal_i2c.o(i.HAL_I2C_ErrorCallback)
    i.HAL_I2C_Init                           0x080013dc   Section        0  stm32f0xx_hal_i2c.o(i.HAL_I2C_Init)
    i.HAL_I2C_ListenCpltCallback             0x080014c8   Section        0  stm32f0xx_hal_i2c.o(i.HAL_I2C_ListenCpltCallback)
    i.HAL_I2C_Mem_Read                       0x080014cc   Section        0  stm32f0xx_hal_i2c.o(i.HAL_I2C_Mem_Read)
    i.HAL_I2C_Mem_Write                      0x08001678   Section        0  stm32f0xx_hal_i2c.o(i.HAL_I2C_Mem_Write)
    i.HAL_I2C_MspInit                        0x0800181c   Section        0  i2c.o(i.HAL_I2C_MspInit)
    i.HAL_I2C_SlaveRxCpltCallback            0x080018b0   Section        0  stm32f0xx_hal_i2c.o(i.HAL_I2C_SlaveRxCpltCallback)
    i.HAL_I2C_SlaveTxCpltCallback            0x080018b2   Section        0  stm32f0xx_hal_i2c.o(i.HAL_I2C_SlaveTxCpltCallback)
    i.HAL_IncTick                            0x080018b4   Section        0  stm32f0xx_hal.o(i.HAL_IncTick)
    i.HAL_Init                               0x080018cc   Section        0  stm32f0xx_hal.o(i.HAL_Init)
    i.HAL_InitTick                           0x080018ec   Section        0  stm32f0xx_hal_timebase_tim.o(i.HAL_InitTick)
    i.HAL_MspInit                            0x080019ac   Section        0  stm32f0xx_hal_msp.o(i.HAL_MspInit)
    i.HAL_NVIC_EnableIRQ                     0x080019f8   Section        0  stm32f0xx_hal_cortex.o(i.HAL_NVIC_EnableIRQ)
    i.HAL_NVIC_SetPriority                   0x08001a14   Section        0  stm32f0xx_hal_cortex.o(i.HAL_NVIC_SetPriority)
    i.HAL_RCCEx_PeriphCLKConfig              0x08001a28   Section        0  stm32f0xx_hal_rcc_ex.o(i.HAL_RCCEx_PeriphCLKConfig)
    i.HAL_RCC_ClockConfig                    0x08001bb0   Section        0  stm32f0xx_hal_rcc.o(i.HAL_RCC_ClockConfig)
    i.HAL_RCC_GetClockConfig                 0x08001d34   Section        0  stm32f0xx_hal_rcc.o(i.HAL_RCC_GetClockConfig)
    i.HAL_RCC_GetHCLKFreq                    0x08001d6c   Section        0  stm32f0xx_hal_rcc.o(i.HAL_RCC_GetHCLKFreq)
    i.HAL_RCC_GetPCLK1Freq                   0x08001d78   Section        0  stm32f0xx_hal_rcc.o(i.HAL_RCC_GetPCLK1Freq)
    i.HAL_RCC_GetSysClockFreq                0x08001d9c   Section        0  stm32f0xx_hal_rcc.o(i.HAL_RCC_GetSysClockFreq)
    i.HAL_RCC_OscConfig                      0x08001e6c   Section        0  stm32f0xx_hal_rcc.o(i.HAL_RCC_OscConfig)
    i.HAL_TIMEx_BreakCallback                0x080024a8   Section        0  stm32f0xx_hal_tim_ex.o(i.HAL_TIMEx_BreakCallback)
    i.HAL_TIMEx_CommutCallback               0x080024aa   Section        0  stm32f0xx_hal_tim_ex.o(i.HAL_TIMEx_CommutCallback)
    i.HAL_TIM_Base_Init                      0x080024ac   Section        0  stm32f0xx_hal_tim.o(i.HAL_TIM_Base_Init)
    i.HAL_TIM_Base_MspInit                   0x08002510   Section        0  stm32f0xx_hal_tim.o(i.HAL_TIM_Base_MspInit)
    i.HAL_TIM_Base_Start_IT                  0x08002514   Section        0  stm32f0xx_hal_tim.o(i.HAL_TIM_Base_Start_IT)
    i.HAL_TIM_IC_CaptureCallback             0x08002580   Section        0  stm32f0xx_hal_tim.o(i.HAL_TIM_IC_CaptureCallback)
    i.HAL_TIM_IRQHandler                     0x08002582   Section        0  stm32f0xx_hal_tim.o(i.HAL_TIM_IRQHandler)
    i.HAL_TIM_OC_DelayElapsedCallback        0x080026f0   Section        0  stm32f0xx_hal_tim.o(i.HAL_TIM_OC_DelayElapsedCallback)
    i.HAL_TIM_PWM_PulseFinishedCallback      0x080026f2   Section        0  stm32f0xx_hal_tim.o(i.HAL_TIM_PWM_PulseFinishedCallback)
    i.HAL_TIM_PeriodElapsedCallback          0x080026f4   Section        0  main.o(i.HAL_TIM_PeriodElapsedCallback)
    i.HAL_TIM_TriggerCallback                0x0800270c   Section        0  stm32f0xx_hal_tim.o(i.HAL_TIM_TriggerCallback)
    i.HardFault_Handler                      0x0800270e   Section        0  stm32f0xx_it.o(i.HardFault_Handler)
    i.I2C1_IRQHandler                        0x08002714   Section        0  stm32f0xx_it.o(i.I2C1_IRQHandler)
    i.I2C_DMAAbort                           0x0800273c   Section        0  stm32f0xx_hal_i2c.o(i.I2C_DMAAbort)
    I2C_DMAAbort                             0x0800273d   Thumb Code    38  stm32f0xx_hal_i2c.o(i.I2C_DMAAbort)
    i.I2C_Disable_IRQ                        0x08002762   Section        0  stm32f0xx_hal_i2c.o(i.I2C_Disable_IRQ)
    I2C_Disable_IRQ                          0x08002763   Thumb Code   116  stm32f0xx_hal_i2c.o(i.I2C_Disable_IRQ)
    i.I2C_Flush_TXDR                         0x080027d6   Section        0  stm32f0xx_hal_i2c.o(i.I2C_Flush_TXDR)
    I2C_Flush_TXDR                           0x080027d7   Thumb Code    50  stm32f0xx_hal_i2c.o(i.I2C_Flush_TXDR)
    i.I2C_ITAddrCplt                         0x08002808   Section        0  stm32f0xx_hal_i2c.o(i.I2C_ITAddrCplt)
    I2C_ITAddrCplt                           0x08002809   Thumb Code   208  stm32f0xx_hal_i2c.o(i.I2C_ITAddrCplt)
    i.I2C_ITError                            0x080028d8   Section        0  stm32f0xx_hal_i2c.o(i.I2C_ITError)
    I2C_ITError                              0x080028d9   Thumb Code   330  stm32f0xx_hal_i2c.o(i.I2C_ITError)
    i.I2C_ITListenCplt                       0x08002a34   Section        0  stm32f0xx_hal_i2c.o(i.I2C_ITListenCplt)
    I2C_ITListenCplt                         0x08002a35   Thumb Code   112  stm32f0xx_hal_i2c.o(i.I2C_ITListenCplt)
    i.I2C_ITSlaveCplt                        0x08002aac   Section        0  stm32f0xx_hal_i2c.o(i.I2C_ITSlaveCplt)
    I2C_ITSlaveCplt                          0x08002aad   Thumb Code   542  stm32f0xx_hal_i2c.o(i.I2C_ITSlaveCplt)
    i.I2C_ITSlaveSeqCplt                     0x08002cd8   Section        0  stm32f0xx_hal_i2c.o(i.I2C_ITSlaveSeqCplt)
    I2C_ITSlaveSeqCplt                       0x08002cd9   Thumb Code   156  stm32f0xx_hal_i2c.o(i.I2C_ITSlaveSeqCplt)
    i.I2C_IsErrorOccurred                    0x08002d74   Section        0  stm32f0xx_hal_i2c.o(i.I2C_IsErrorOccurred)
    I2C_IsErrorOccurred                      0x08002d75   Thumb Code   344  stm32f0xx_hal_i2c.o(i.I2C_IsErrorOccurred)
    i.I2C_RequestMemoryRead                  0x08002ed0   Section        0  stm32f0xx_hal_i2c.o(i.I2C_RequestMemoryRead)
    I2C_RequestMemoryRead                    0x08002ed1   Thumb Code   124  stm32f0xx_hal_i2c.o(i.I2C_RequestMemoryRead)
    i.I2C_RequestMemoryWrite                 0x08002f50   Section        0  stm32f0xx_hal_i2c.o(i.I2C_RequestMemoryWrite)
    I2C_RequestMemoryWrite                   0x08002f51   Thumb Code   124  stm32f0xx_hal_i2c.o(i.I2C_RequestMemoryWrite)
    i.I2C_Slave_ISR_IT                       0x08002fd0   Section        0  stm32f0xx_hal_i2c.o(i.I2C_Slave_ISR_IT)
    I2C_Slave_ISR_IT                         0x08002fd1   Thumb Code   378  stm32f0xx_hal_i2c.o(i.I2C_Slave_ISR_IT)
    i.I2C_TransferConfig                     0x08003150   Section        0  stm32f0xx_hal_i2c.o(i.I2C_TransferConfig)
    I2C_TransferConfig                       0x08003151   Thumb Code    56  stm32f0xx_hal_i2c.o(i.I2C_TransferConfig)
    i.I2C_TreatErrorCallback                 0x0800318c   Section        0  stm32f0xx_hal_i2c.o(i.I2C_TreatErrorCallback)
    I2C_TreatErrorCallback                   0x0800318d   Thumb Code    62  stm32f0xx_hal_i2c.o(i.I2C_TreatErrorCallback)
    i.I2C_WaitOnFlagUntilTimeout             0x080031ca   Section        0  stm32f0xx_hal_i2c.o(i.I2C_WaitOnFlagUntilTimeout)
    I2C_WaitOnFlagUntilTimeout               0x080031cb   Thumb Code   126  stm32f0xx_hal_i2c.o(i.I2C_WaitOnFlagUntilTimeout)
    i.I2C_WaitOnSTOPFlagUntilTimeout         0x08003248   Section        0  stm32f0xx_hal_i2c.o(i.I2C_WaitOnSTOPFlagUntilTimeout)
    I2C_WaitOnSTOPFlagUntilTimeout           0x08003249   Thumb Code   102  stm32f0xx_hal_i2c.o(i.I2C_WaitOnSTOPFlagUntilTimeout)
    i.I2C_WaitOnTXISFlagUntilTimeout         0x080032ae   Section        0  stm32f0xx_hal_i2c.o(i.I2C_WaitOnTXISFlagUntilTimeout)
    I2C_WaitOnTXISFlagUntilTimeout           0x080032af   Thumb Code   110  stm32f0xx_hal_i2c.o(i.I2C_WaitOnTXISFlagUntilTimeout)
    i.INA226_CalculateCalibration            0x0800331c   Section        0  ina226.o(i.INA226_CalculateCalibration)
    INA226_CalculateCalibration              0x0800331d   Thumb Code    80  ina226.o(i.INA226_CalculateCalibration)
    i.INA226_Init                            0x08003374   Section        0  ina226.o(i.INA226_Init)
    i.INA226_Init_App                        0x080033d0   Section        0  usertasks.o(i.INA226_Init_App)
    i.INA226_ReadBusVoltage                  0x080033f8   Section        0  ina226.o(i.INA226_ReadBusVoltage)
    i.INA226_ReadCurrent                     0x08003428   Section        0  ina226.o(i.INA226_ReadCurrent)
    i.INA226_ReadPower                       0x08003468   Section        0  ina226.o(i.INA226_ReadPower)
    i.INA226_ReadRegister                    0x08003494   Section        0  ina226.o(i.INA226_ReadRegister)
    INA226_ReadRegister                      0x08003495   Thumb Code    64  ina226.o(i.INA226_ReadRegister)
    i.INA226_ReadShuntVoltage                0x080034d4   Section        0  ina226.o(i.INA226_ReadShuntVoltage)
    i.INA226_SetCalibration                  0x08003518   Section        0  ina226.o(i.INA226_SetCalibration)
    i.INA226_SetConfig                       0x0800352a   Section        0  ina226.o(i.INA226_SetConfig)
    i.INA226_WriteRegister                   0x0800353c   Section        0  ina226.o(i.INA226_WriteRegister)
    INA226_WriteRegister                     0x0800353d   Thumb Code    60  ina226.o(i.INA226_WriteRegister)
    i.LED_Task                               0x08003578   Section        0  usertasks.o(i.LED_Task)
    i.MX_FREERTOS_Init                       0x08003590   Section        0  freertos.o(i.MX_FREERTOS_Init)
    i.MX_GPIO_Init                           0x0800360c   Section        0  gpio.o(i.MX_GPIO_Init)
    i.MX_I2C1_Init                           0x080036d8   Section        0  i2c.o(i.MX_I2C1_Init)
    i.NMI_Handler                            0x08003734   Section        0  stm32f0xx_it.o(i.NMI_Handler)
    i.PowerLimit                             0x08003738   Section        0  usertasks.o(i.PowerLimit)
    i.PowerStateSet                          0x080037c8   Section        0  usertasks.o(i.PowerStateSet)
    i.Power_Task                             0x080038f8   Section        0  usertasks.o(i.Power_Task)
    i.SVC_Handler                            0x08003944   Section        0  port.o(i.SVC_Handler)
    i.StartAllTasks                          0x08003946   Section        0  freertos.o(i.StartAllTasks)
    i.SysTick_Handler                        0x08003954   Section        0  port.o(i.SysTick_Handler)
    i.SystemClock_Config                     0x08003978   Section        0  main.o(i.SystemClock_Config)
    i.SystemInit                             0x080039f8   Section        0  system_stm32f0xx.o(i.SystemInit)
    i.TIM17_IRQHandler                       0x080039fc   Section        0  stm32f0xx_it.o(i.TIM17_IRQHandler)
    i.TIM_Base_SetConfig                     0x08003a0c   Section        0  stm32f0xx_hal_tim.o(i.TIM_Base_SetConfig)
    i.__ARM_common_ll_muluu                  0x08003abc   Section        0  stm32f0xx_hal_rcc.o(i.__ARM_common_ll_muluu)
    i.__NVIC_SetPriority                     0x08003aec   Section        0  stm32f0xx_hal_cortex.o(i.__NVIC_SetPriority)
    __NVIC_SetPriority                       0x08003aed   Thumb Code   110  stm32f0xx_hal_cortex.o(i.__NVIC_SetPriority)
    i.main                                   0x08003b64   Section        0  main.o(i.main)
    i.makeFreeRtosPriority                   0x08003b80   Section        0  cmsis_os.o(i.makeFreeRtosPriority)
    makeFreeRtosPriority                     0x08003b81   Thumb Code    14  cmsis_os.o(i.makeFreeRtosPriority)
    i.osDelay                                0x08003b8e   Section        0  cmsis_os.o(i.osDelay)
    i.osKernelStart                          0x08003ba8   Section        0  cmsis_os.o(i.osKernelStart)
    i.osThreadCreate                         0x08003bb2   Section        0  cmsis_os.o(i.osThreadCreate)
    i.prvAddCurrentTaskToDelayedList         0x08003c14   Section        0  tasks.o(i.prvAddCurrentTaskToDelayedList)
    prvAddCurrentTaskToDelayedList           0x08003c15   Thumb Code   100  tasks.o(i.prvAddCurrentTaskToDelayedList)
    i.prvAddNewTaskToReadyList               0x08003c90   Section        0  tasks.o(i.prvAddNewTaskToReadyList)
    prvAddNewTaskToReadyList                 0x08003c91   Thumb Code   140  tasks.o(i.prvAddNewTaskToReadyList)
    i.prvCheckTasksWaitingTermination        0x08003d34   Section        0  tasks.o(i.prvCheckTasksWaitingTermination)
    prvCheckTasksWaitingTermination          0x08003d35   Thumb Code    60  tasks.o(i.prvCheckTasksWaitingTermination)
    i.prvDeleteTCB                           0x08003d7c   Section        0  tasks.o(i.prvDeleteTCB)
    prvDeleteTCB                             0x08003d7d   Thumb Code    68  tasks.o(i.prvDeleteTCB)
    i.prvHeapInit                            0x08003dc0   Section        0  heap_4.o(i.prvHeapInit)
    prvHeapInit                              0x08003dc1   Thumb Code   100  heap_4.o(i.prvHeapInit)
    i.prvIdleTask                            0x08003e3c   Section        0  tasks.o(i.prvIdleTask)
    prvIdleTask                              0x08003e3d   Thumb Code    20  tasks.o(i.prvIdleTask)
    i.prvInitialiseNewTask                   0x08003e54   Section        0  tasks.o(i.prvInitialiseNewTask)
    prvInitialiseNewTask                     0x08003e55   Thumb Code   164  tasks.o(i.prvInitialiseNewTask)
    i.prvInitialiseTaskLists                 0x08003ef8   Section        0  tasks.o(i.prvInitialiseTaskLists)
    prvInitialiseTaskLists                   0x08003ef9   Thumb Code    68  tasks.o(i.prvInitialiseTaskLists)
    i.prvInsertBlockIntoFreeList             0x08003f5c   Section        0  heap_4.o(i.prvInsertBlockIntoFreeList)
    prvInsertBlockIntoFreeList               0x08003f5d   Thumb Code    96  heap_4.o(i.prvInsertBlockIntoFreeList)
    i.prvResetNextTaskUnblockTime            0x08003fc4   Section        0  tasks.o(i.prvResetNextTaskUnblockTime)
    prvResetNextTaskUnblockTime              0x08003fc5   Thumb Code    46  tasks.o(i.prvResetNextTaskUnblockTime)
    i.prvSetupTimerInterrupt                 0x08003ffc   Section        0  port.o(i.prvSetupTimerInterrupt)
    prvSetupTimerInterrupt                   0x08003ffd   Thumb Code    34  port.o(i.prvSetupTimerInterrupt)
    i.prvTaskExitError                       0x08004028   Section        0  port.o(i.prvTaskExitError)
    prvTaskExitError                         0x08004029   Thumb Code    32  port.o(i.prvTaskExitError)
    i.pvPortMalloc                           0x0800404c   Section        0  heap_4.o(i.pvPortMalloc)
    i.pxPortInitialiseStack                  0x08004168   Section        0  port.o(i.pxPortInitialiseStack)
    i.roundf                                 0x08004188   Section        0  roundf.o(i.roundf)
    i.uxListRemove                           0x080041fc   Section        0  list.o(i.uxListRemove)
    i.vApplicationGetIdleTaskMemory          0x08004224   Section        0  freertos.o(i.vApplicationGetIdleTaskMemory)
    i.vListInitialise                        0x0800423c   Section        0  list.o(i.vListInitialise)
    i.vListInitialiseItem                    0x08004256   Section        0  list.o(i.vListInitialiseItem)
    i.vListInsert                            0x0800425c   Section        0  list.o(i.vListInsert)
    i.vListInsertEnd                         0x08004292   Section        0  list.o(i.vListInsertEnd)
    i.vPortEnterCritical                     0x080042ac   Section        0  port.o(i.vPortEnterCritical)
    i.vPortExitCritical                      0x080042c8   Section        0  port.o(i.vPortExitCritical)
    i.vPortFree                              0x080042f0   Section        0  heap_4.o(i.vPortFree)
    i.vPortYield                             0x08004370   Section        0  port.o(i.vPortYield)
    i.vTaskDelay                             0x08004388   Section        0  tasks.o(i.vTaskDelay)
    i.vTaskDelete                            0x080043cc   Section        0  tasks.o(i.vTaskDelete)
    i.vTaskStartScheduler                    0x08004480   Section        0  tasks.o(i.vTaskStartScheduler)
    i.vTaskSuspendAll                        0x08004514   Section        0  tasks.o(i.vTaskSuspendAll)
    i.vTaskSwitchContext                     0x08004524   Section        0  tasks.o(i.vTaskSwitchContext)
    i.xPortStartScheduler                    0x080045a4   Section        0  port.o(i.xPortStartScheduler)
    i.xTaskCreate                            0x080045dc   Section        0  tasks.o(i.xTaskCreate)
    i.xTaskCreateStatic                      0x0800463e   Section        0  tasks.o(i.xTaskCreateStatic)
    i.xTaskIncrementTick                     0x080046c4   Section        0  tasks.o(i.xTaskIncrementTick)
    i.xTaskResumeAll                         0x08004800   Section        0  tasks.o(i.xTaskResumeAll)
    x$fpl$fadd                               0x080048f0   Section      140  faddsub.o(x$fpl$fadd)
    _fadd1                                   0x080048fd   Thumb Code     0  faddsub.o(x$fpl$fadd)
    x$fpl$fleqf                              0x0800497c   Section       84  flef.o(x$fpl$fleqf)
    x$fpl$fmul                               0x080049d0   Section      176  fmul.o(x$fpl$fmul)
    x$fpl$frleqf                             0x08004a80   Section       88  frlef.o(x$fpl$frleqf)
    x$fpl$fsub                               0x08004ad8   Section      208  faddsub.o(x$fpl$fsub)
    _fsub1                                   0x08004ae5   Thumb Code     0  faddsub.o(x$fpl$fsub)
    .constdata                               0x08004ba8   Section      112  freertos.o(.constdata)
    x$fpl$usenofp                            0x08004ba8   Section        0  usenofp.o(x$fpl$usenofp)
    .constdata                               0x08004c18   Section       32  stm32f0xx_hal_rcc.o(.constdata)
    aPLLMULFactorTable                       0x08004c18   Data          16  stm32f0xx_hal_rcc.o(.constdata)
    aPredivFactorTable                       0x08004c28   Data          16  stm32f0xx_hal_rcc.o(.constdata)
    .constdata                               0x08004c38   Section       24  system_stm32f0xx.o(.constdata)
    .constdata                               0x08004c50   Section       64  fdiv.o(.constdata)
    fdiv_tab                                 0x08004c50   Data          64  fdiv.o(.constdata)
    .conststring                             0x08004c90   Section       39  freertos.o(.conststring)
    .data                                    0x20000000   Section       16  freertos.o(.data)
    .data                                    0x20000010   Section        9  stm32f0xx_hal.o(.data)
    .data                                    0x2000001c   Section        4  system_stm32f0xx.o(.data)
    .data                                    0x20000020   Section        6  ina226.o(.data)
    .data                                    0x20000028   Section       34  usertasks.o(.data)
    .data                                    0x2000004c   Section       60  tasks.o(.data)
    pxDelayedTaskList                        0x20000050   Data           4  tasks.o(.data)
    pxOverflowDelayedTaskList                0x20000054   Data           4  tasks.o(.data)
    uxDeletedTasksWaitingCleanUp             0x20000058   Data           4  tasks.o(.data)
    uxCurrentNumberOfTasks                   0x2000005c   Data           4  tasks.o(.data)
    xTickCount                               0x20000060   Data           4  tasks.o(.data)
    uxTopReadyPriority                       0x20000064   Data           4  tasks.o(.data)
    xSchedulerRunning                        0x20000068   Data           4  tasks.o(.data)
    uxPendedTicks                            0x2000006c   Data           4  tasks.o(.data)
    xYieldPending                            0x20000070   Data           4  tasks.o(.data)
    xNumOfOverflows                          0x20000074   Data           4  tasks.o(.data)
    uxTaskNumber                             0x20000078   Data           4  tasks.o(.data)
    xNextTaskUnblockTime                     0x2000007c   Data           4  tasks.o(.data)
    xIdleTaskHandle                          0x20000080   Data           4  tasks.o(.data)
    uxSchedulerSuspended                     0x20000084   Data           4  tasks.o(.data)
    .data                                    0x20000088   Section       24  heap_4.o(.data)
    xStart                                   0x20000088   Data           8  heap_4.o(.data)
    pxEnd                                    0x20000090   Data           4  heap_4.o(.data)
    xFreeBytesRemaining                      0x20000094   Data           4  heap_4.o(.data)
    xMinimumEverFreeBytesRemaining           0x20000098   Data           4  heap_4.o(.data)
    xBlockAllocatedBit                       0x2000009c   Data           4  heap_4.o(.data)
    .data                                    0x200000a0   Section        4  port.o(.data)
    uxCriticalNesting                        0x200000a0   Data           4  port.o(.data)
    .bss                                     0x200000a4   Section      596  freertos.o(.bss)
    xIdleTaskTCBBuffer                       0x200000a4   Data          84  freertos.o(.bss)
    xIdleStack                               0x200000f8   Data         512  freertos.o(.bss)
    .bss                                     0x200002f8   Section       84  i2c.o(.bss)
    .bss                                     0x2000034c   Section       72  stm32f0xx_hal_timebase_tim.o(.bss)
    .bss                                     0x20000394   Section       24  usertasks.o(.bss)
    .bss                                     0x200003ac   Section      240  tasks.o(.bss)
    pxReadyTasksLists                        0x200003ac   Data         140  tasks.o(.bss)
    xDelayedTaskList1                        0x20000438   Data          20  tasks.o(.bss)
    xDelayedTaskList2                        0x2000044c   Data          20  tasks.o(.bss)
    xPendingReadyList                        0x20000460   Data          20  tasks.o(.bss)
    xTasksWaitingTermination                 0x20000474   Data          20  tasks.o(.bss)
    xSuspendedTaskList                       0x20000488   Data          20  tasks.o(.bss)
    .bss                                     0x2000049c   Section     3072  heap_4.o(.bss)
    ucHeap                                   0x2000049c   Data        3072  heap_4.o(.bss)
    .bss                                     0x2000109c   Section       96  libspace.o(.bss)
    HEAP                                     0x20001100   Section      512  startup_stm32f042x6.o(HEAP)
    Heap_Mem                                 0x20001100   Data         512  startup_stm32f042x6.o(HEAP)
    STACK                                    0x20001300   Section     1024  startup_stm32f042x6.o(STACK)
    Stack_Mem                                0x20001300   Data        1024  startup_stm32f042x6.o(STACK)
    __initial_sp                             0x20001700   Data           0  startup_stm32f042x6.o(STACK)

    Global Symbols

    Symbol Name                              Value     Ov Type        Size  Object(Section)

    BuildAttributes$$THM_ISAv3M$S$PE$A:L22$X:L11$S22$IEEE1$IW$USESV6$~STKCKD$USESV7$~SHL$OTIME$ROPI$IEEEJ$EBA8$UX$STANDARDLIB$REQ8$PRES8$EABIv2 0x00000000   Number         0  anon$$obj.o ABSOLUTE
    __ARM_use_no_argv                        0x00000000   Number         0  main.o ABSOLUTE
    __ARM_exceptions_init                     - Undefined Weak Reference
    __alloca_initialize                       - Undefined Weak Reference
    __arm_fini_                               - Undefined Weak Reference
    __arm_preinit_                            - Undefined Weak Reference
    __cpp_initialize__aeabi_                  - Undefined Weak Reference
    __cxa_finalize                            - Undefined Weak Reference
    __rt_locale                               - Undefined Weak Reference
    __sigvec_lookup                           - Undefined Weak Reference
    _atexit_init                              - Undefined Weak Reference
    _call_atexit_fns                          - Undefined Weak Reference
    _clock_init                               - Undefined Weak Reference
    _fp_trap_init                             - Undefined Weak Reference
    _fp_trap_shutdown                         - Undefined Weak Reference
    _get_lc_collate                           - Undefined Weak Reference
    _get_lc_ctype                             - Undefined Weak Reference
    _get_lc_monetary                          - Undefined Weak Reference
    _get_lc_numeric                           - Undefined Weak Reference
    _get_lc_time                              - Undefined Weak Reference
    _getenv_init                              - Undefined Weak Reference
    _handle_redirection                       - Undefined Weak Reference
    _init_alloc                               - Undefined Weak Reference
    _init_user_alloc                          - Undefined Weak Reference
    _initio                                   - Undefined Weak Reference
    _rand_init                                - Undefined Weak Reference
    _signal_finish                            - Undefined Weak Reference
    _signal_init                              - Undefined Weak Reference
    _terminate_alloc                          - Undefined Weak Reference
    _terminate_user_alloc                     - Undefined Weak Reference
    _terminateio                              - Undefined Weak Reference
    __Vectors_Size                           0x000000c0   Number         0  startup_stm32f042x6.o ABSOLUTE
    __Vectors                                0x08000000   Data           4  startup_stm32f042x6.o(RESET)
    __Vectors_End                            0x080000c0   Data           0  startup_stm32f042x6.o(RESET)
    __main                                   0x080000c1   Thumb Code     8  __main.o(!!!main)
    __scatterload                            0x080000c9   Thumb Code     0  __scatter.o(!!!scatter)
    __scatterload_rt2                        0x080000c9   Thumb Code    52  __scatter.o(!!!scatter)
    __scatterload_rt2_thumb_only             0x080000c9   Thumb Code     0  __scatter.o(!!!scatter)
    __scatterload_null                       0x080000d9   Thumb Code     0  __scatter.o(!!!scatter)
    __scatterload_copy                       0x08000105   Thumb Code    26  __scatter_copy.o(!!handler_copy)
    __scatterload_zeroinit                   0x08000121   Thumb Code    28  __scatter_zi.o(!!handler_zi)
    __rt_lib_init                            0x0800013d   Thumb Code     0  libinit.o(.ARM.Collect$$libinit$$00000000)
    __rt_lib_init_alloca_1                   0x0800013f   Thumb Code     0  libinit2.o(.ARM.Collect$$libinit$$0000002E)
    __rt_lib_init_argv_1                     0x0800013f   Thumb Code     0  libinit2.o(.ARM.Collect$$libinit$$0000002C)
    __rt_lib_init_atexit_1                   0x0800013f   Thumb Code     0  libinit2.o(.ARM.Collect$$libinit$$0000001B)
    __rt_lib_init_clock_1                    0x0800013f   Thumb Code     0  libinit2.o(.ARM.Collect$$libinit$$00000021)
    __rt_lib_init_cpp_1                      0x0800013f   Thumb Code     0  libinit2.o(.ARM.Collect$$libinit$$00000032)
    __rt_lib_init_exceptions_1               0x0800013f   Thumb Code     0  libinit2.o(.ARM.Collect$$libinit$$00000030)
    __rt_lib_init_fp_1                       0x0800013f   Thumb Code     0  libinit2.o(.ARM.Collect$$libinit$$00000002)
    __rt_lib_init_fp_trap_1                  0x0800013f   Thumb Code     0  libinit2.o(.ARM.Collect$$libinit$$0000001F)
    __rt_lib_init_getenv_1                   0x0800013f   Thumb Code     0  libinit2.o(.ARM.Collect$$libinit$$00000023)
    __rt_lib_init_heap_1                     0x0800013f   Thumb Code     0  libinit2.o(.ARM.Collect$$libinit$$0000000A)
    __rt_lib_init_lc_collate_1               0x0800013f   Thumb Code     0  libinit2.o(.ARM.Collect$$libinit$$00000011)
    __rt_lib_init_lc_ctype_1                 0x0800013f   Thumb Code     0  libinit2.o(.ARM.Collect$$libinit$$00000013)
    __rt_lib_init_lc_monetary_1              0x0800013f   Thumb Code     0  libinit2.o(.ARM.Collect$$libinit$$00000015)
    __rt_lib_init_lc_numeric_1               0x0800013f   Thumb Code     0  libinit2.o(.ARM.Collect$$libinit$$00000017)
    __rt_lib_init_lc_time_1                  0x0800013f   Thumb Code     0  libinit2.o(.ARM.Collect$$libinit$$00000019)
    __rt_lib_init_preinit_1                  0x0800013f   Thumb Code     0  libinit2.o(.ARM.Collect$$libinit$$00000004)
    __rt_lib_init_rand_1                     0x0800013f   Thumb Code     0  libinit2.o(.ARM.Collect$$libinit$$0000000E)
    __rt_lib_init_return                     0x0800013f   Thumb Code     0  libinit2.o(.ARM.Collect$$libinit$$00000033)
    __rt_lib_init_signal_1                   0x0800013f   Thumb Code     0  libinit2.o(.ARM.Collect$$libinit$$0000001D)
    __rt_lib_init_stdio_1                    0x0800013f   Thumb Code     0  libinit2.o(.ARM.Collect$$libinit$$00000025)
    __rt_lib_init_user_alloc_1               0x0800013f   Thumb Code     0  libinit2.o(.ARM.Collect$$libinit$$0000000C)
    __rt_lib_shutdown                        0x08000141   Thumb Code     0  libshutdown.o(.ARM.Collect$$libshutdown$$00000000)
    __rt_lib_shutdown_cpp_1                  0x08000143   Thumb Code     0  libshutdown2.o(.ARM.Collect$$libshutdown$$00000004)
    __rt_lib_shutdown_fini_1                 0x08000143   Thumb Code     0  libshutdown2.o(.ARM.Collect$$libshutdown$$00000002)
    __rt_lib_shutdown_fp_trap_1              0x08000143   Thumb Code     0  libshutdown2.o(.ARM.Collect$$libshutdown$$00000009)
    __rt_lib_shutdown_heap_1                 0x08000143   Thumb Code     0  libshutdown2.o(.ARM.Collect$$libshutdown$$00000011)
    __rt_lib_shutdown_return                 0x08000143   Thumb Code     0  libshutdown2.o(.ARM.Collect$$libshutdown$$00000012)
    __rt_lib_shutdown_signal_1               0x08000143   Thumb Code     0  libshutdown2.o(.ARM.Collect$$libshutdown$$0000000C)
    __rt_lib_shutdown_stdio_1                0x08000143   Thumb Code     0  libshutdown2.o(.ARM.Collect$$libshutdown$$00000006)
    __rt_lib_shutdown_user_alloc_1           0x08000143   Thumb Code     0  libshutdown2.o(.ARM.Collect$$libshutdown$$0000000E)
    __rt_entry                               0x08000145   Thumb Code     0  __rtentry.o(.ARM.Collect$$rtentry$$00000000)
    __rt_entry_presh_1                       0x08000145   Thumb Code     0  __rtentry2.o(.ARM.Collect$$rtentry$$00000002)
    __rt_entry_sh                            0x08000145   Thumb Code     0  __rtentry4.o(.ARM.Collect$$rtentry$$00000004)
    __rt_entry_li                            0x0800014b   Thumb Code     0  __rtentry2.o(.ARM.Collect$$rtentry$$0000000A)
    __rt_entry_postsh_1                      0x0800014b   Thumb Code     0  __rtentry2.o(.ARM.Collect$$rtentry$$00000009)
    __rt_entry_main                          0x0800014f   Thumb Code     0  __rtentry2.o(.ARM.Collect$$rtentry$$0000000D)
    __rt_entry_postli_1                      0x0800014f   Thumb Code     0  __rtentry2.o(.ARM.Collect$$rtentry$$0000000C)
    __rt_exit                                0x08000157   Thumb Code     0  rtexit.o(.ARM.Collect$$rtexit$$00000000)
    __rt_exit_ls                             0x08000159   Thumb Code     0  rtexit2.o(.ARM.Collect$$rtexit$$00000003)
    __rt_exit_prels_1                        0x08000159   Thumb Code     0  rtexit2.o(.ARM.Collect$$rtexit$$00000002)
    __rt_exit_exit                           0x0800015d   Thumb Code     0  rtexit2.o(.ARM.Collect$$rtexit$$00000004)
    __asm___6_port_c_39a90d8d__prvPortStartFirstTask 0x08000165   Thumb Code    36  port.o(.emb_text)
    ulSetInterruptMaskFromISR                0x0800018d   Thumb Code     8  port.o(.emb_text)
    vClearInterruptMaskFromISR               0x08000195   Thumb Code     6  port.o(.emb_text)
    PendSV_Handler                           0x0800019b   Thumb Code    62  port.o(.emb_text)
    __aeabi_memcpy4                          0x080001dd   Thumb Code    56  rt_memcpy.o(.emb_text)
    __aeabi_memcpy8                          0x080001dd   Thumb Code     0  rt_memcpy.o(.emb_text)
    Reset_Handler                            0x08000215   Thumb Code    38  startup_stm32f042x6.o(.text)
    ADC1_IRQHandler                          0x08000245   Thumb Code     0  startup_stm32f042x6.o(.text)
    CEC_CAN_IRQHandler                       0x08000245   Thumb Code     0  startup_stm32f042x6.o(.text)
    DMA1_Channel1_IRQHandler                 0x08000245   Thumb Code     0  startup_stm32f042x6.o(.text)
    DMA1_Channel2_3_IRQHandler               0x08000245   Thumb Code     0  startup_stm32f042x6.o(.text)
    DMA1_Channel4_5_IRQHandler               0x08000245   Thumb Code     0  startup_stm32f042x6.o(.text)
    EXTI0_1_IRQHandler                       0x08000245   Thumb Code     0  startup_stm32f042x6.o(.text)
    EXTI2_3_IRQHandler                       0x08000245   Thumb Code     0  startup_stm32f042x6.o(.text)
    EXTI4_15_IRQHandler                      0x08000245   Thumb Code     0  startup_stm32f042x6.o(.text)
    FLASH_IRQHandler                         0x08000245   Thumb Code     0  startup_stm32f042x6.o(.text)
    PVD_VDDIO2_IRQHandler                    0x08000245   Thumb Code     0  startup_stm32f042x6.o(.text)
    RCC_CRS_IRQHandler                       0x08000245   Thumb Code     0  startup_stm32f042x6.o(.text)
    RTC_IRQHandler                           0x08000245   Thumb Code     0  startup_stm32f042x6.o(.text)
    SPI1_IRQHandler                          0x08000245   Thumb Code     0  startup_stm32f042x6.o(.text)
    SPI2_IRQHandler                          0x08000245   Thumb Code     0  startup_stm32f042x6.o(.text)
    TIM14_IRQHandler                         0x08000245   Thumb Code     0  startup_stm32f042x6.o(.text)
    TIM16_IRQHandler                         0x08000245   Thumb Code     0  startup_stm32f042x6.o(.text)
    TIM1_BRK_UP_TRG_COM_IRQHandler           0x08000245   Thumb Code     0  startup_stm32f042x6.o(.text)
    TIM1_CC_IRQHandler                       0x08000245   Thumb Code     0  startup_stm32f042x6.o(.text)
    TIM2_IRQHandler                          0x08000245   Thumb Code     0  startup_stm32f042x6.o(.text)
    TIM3_IRQHandler                          0x08000245   Thumb Code     0  startup_stm32f042x6.o(.text)
    TSC_IRQHandler                           0x08000245   Thumb Code     0  startup_stm32f042x6.o(.text)
    USART1_IRQHandler                        0x08000245   Thumb Code     0  startup_stm32f042x6.o(.text)
    USART2_IRQHandler                        0x08000245   Thumb Code     0  startup_stm32f042x6.o(.text)
    USB_IRQHandler                           0x08000245   Thumb Code     0  startup_stm32f042x6.o(.text)
    WWDG_IRQHandler                          0x08000245   Thumb Code     0  startup_stm32f042x6.o(.text)
    __user_initial_stackheap                 0x08000249   Thumb Code     0  startup_stm32f042x6.o(.text)
    __aeabi_uldivmod                         0x08000289   Thumb Code   258  lludiv.o(.text)
    _ll_udiv                                 0x08000289   Thumb Code     0  lludiv.o(.text)
    _memset_w                                0x0800038b   Thumb Code    26  rt_memclr.o(.text)
    _memset                                  0x080003a5   Thumb Code    30  rt_memclr.o(.text)
    __aeabi_memclr                           0x080003c3   Thumb Code     4  rt_memclr.o(.text)
    __rt_memclr                              0x080003c3   Thumb Code     0  rt_memclr.o(.text)
    __aeabi_memclr4                          0x080003c7   Thumb Code     0  rt_memclr.o(.text)
    __aeabi_memclr8                          0x080003c7   Thumb Code     0  rt_memclr.o(.text)
    __rt_memclr_w                            0x080003c7   Thumb Code     4  rt_memclr.o(.text)
    __aeabi_uidiv                            0x080003cb   Thumb Code     0  aeabi_sdiv.o(.text)
    __aeabi_uidivmod                         0x080003cb   Thumb Code    20  aeabi_sdiv.o(.text)
    __aeabi_idiv                             0x080003df   Thumb Code     0  aeabi_sdiv.o(.text)
    __aeabi_idivmod                          0x080003df   Thumb Code   326  aeabi_sdiv.o(.text)
    __use_two_region_memory                  0x08000525   Thumb Code     2  heapauxi.o(.text)
    __rt_heap_escrow$2region                 0x08000527   Thumb Code     2  heapauxi.o(.text)
    __rt_heap_expand$2region                 0x08000529   Thumb Code     2  heapauxi.o(.text)
    __aeabi_d2f                              0x0800052d   Thumb Code     0  d2f.o(.text)
    _d2f                                     0x0800052d   Thumb Code   120  d2f.o(.text)
    __aeabi_dadd                             0x080008a1   Thumb Code     0  daddsub.o(.text)
    _dadd                                    0x080008a1   Thumb Code    26  daddsub.o(.text)
    __aeabi_dsub                             0x080008bb   Thumb Code     0  daddsub.o(.text)
    _dsub                                    0x080008bb   Thumb Code    22  daddsub.o(.text)
    __aeabi_drsub                            0x080008d1   Thumb Code     0  daddsub.o(.text)
    _drsb                                    0x080008d1   Thumb Code    28  daddsub.o(.text)
    __aeabi_dmul                             0x08000901   Thumb Code     0  dmul.o(.text)
    _dmul                                    0x08000901   Thumb Code   558  dmul.o(.text)
    __aeabi_f2d                              0x08000b49   Thumb Code     0  f2d.o(.text)
    _f2d                                     0x08000b49   Thumb Code    80  f2d.o(.text)
    __aeabi_fdiv                             0x08000b9d   Thumb Code     0  fdiv.o(.text)
    _fdiv                                    0x08000b9d   Thumb Code   334  fdiv.o(.text)
    _frdiv                                   0x08000ceb   Thumb Code     8  fdiv.o(.text)
    __aeabi_f2uiz                            0x08000cfd   Thumb Code     0  ffixui.o(.text)
    _ffixu                                   0x08000cfd   Thumb Code    48  ffixui.o(.text)
    __aeabi_i2f_normalise                    0x08000d2d   Thumb Code    72  fflti.o(.text)
    __aeabi_i2f                              0x08000d75   Thumb Code    16  fflti.o(.text)
    _fflt                                    0x08000d75   Thumb Code     0  fflti.o(.text)
    __aeabi_ui2f                             0x08000d85   Thumb Code     6  fflti.o(.text)
    _ffltu                                   0x08000d85   Thumb Code     0  fflti.o(.text)
    __fpl_fcmp_InfNaN                        0x08000d8d   Thumb Code    96  fcmpin.o(.text)
    _frnd                                    0x08000df1   Thumb Code   122  frnd.o(.text)
    __fpl_cmpreturn                          0x08000e71   Thumb Code    46  cmpret.o(.text)
    __fpl_fcheck_NaN2                        0x08000ea1   Thumb Code    10  fnan2.o(.text)
    __user_setup_stackheap                   0x08000eb1   Thumb Code    62  sys_stackheap_outer.o(.text)
    exit                                     0x08000eef   Thumb Code    16  exit.o(.text)
    __fpl_return_NaN                         0x08000eff   Thumb Code    94  retnan.o(.text)
    __user_libspace                          0x08000f5d   Thumb Code     8  libspace.o(.text)
    __user_perproc_libspace                  0x08000f5d   Thumb Code     0  libspace.o(.text)
    __user_perthread_libspace                0x08000f5d   Thumb Code     0  libspace.o(.text)
    _sys_exit                                0x08000f65   Thumb Code     8  sys_exit.o(.text)
    __I$use$semihosting                      0x08000f71   Thumb Code     0  use_no_semi.o(.text)
    __use_no_semihosting_swi                 0x08000f71   Thumb Code     2  use_no_semi.o(.text)
    __semihosting_library_function           0x08000f73   Thumb Code     0  indicate_semi.o(.text)
    ADC_Task                                 0x08000f75   Thumb Code    72  usertasks.o(i.ADC_Task)
    Error_Handler                            0x08000fd9   Thumb Code     6  main.o(i.Error_Handler)
    HAL_DMA_Abort_IT                         0x08000fdf   Thumb Code    88  stm32f0xx_hal_dma.o(i.HAL_DMA_Abort_IT)
    HAL_DMA_GetState                         0x08001037   Thumb Code     8  stm32f0xx_hal_dma.o(i.HAL_DMA_GetState)
    HAL_GPIO_Init                            0x08001041   Thumb Code   460  stm32f0xx_hal_gpio.o(i.HAL_GPIO_Init)
    HAL_GPIO_TogglePin                       0x08001221   Thumb Code    20  stm32f0xx_hal_gpio.o(i.HAL_GPIO_TogglePin)
    HAL_GPIO_WritePin                        0x08001235   Thumb Code    12  stm32f0xx_hal_gpio.o(i.HAL_GPIO_WritePin)
    HAL_GetTick                              0x08001241   Thumb Code     6  stm32f0xx_hal.o(i.HAL_GetTick)
    HAL_I2CEx_ConfigAnalogFilter             0x0800124d   Thumb Code   110  stm32f0xx_hal_i2c_ex.o(i.HAL_I2CEx_ConfigAnalogFilter)
    HAL_I2CEx_ConfigDigitalFilter            0x080012bb   Thumb Code   112  stm32f0xx_hal_i2c_ex.o(i.HAL_I2CEx_ConfigDigitalFilter)
    HAL_I2C_AbortCpltCallback                0x0800132b   Thumb Code     2  stm32f0xx_hal_i2c.o(i.HAL_I2C_AbortCpltCallback)
    HAL_I2C_AddrCallback                     0x0800132d   Thumb Code     2  stm32f0xx_hal_i2c.o(i.HAL_I2C_AddrCallback)
    HAL_I2C_ER_IRQHandler                    0x0800132f   Thumb Code   140  stm32f0xx_hal_i2c.o(i.HAL_I2C_ER_IRQHandler)
    HAL_I2C_EV_IRQHandler                    0x080013bb   Thumb Code    30  stm32f0xx_hal_i2c.o(i.HAL_I2C_EV_IRQHandler)
    HAL_I2C_ErrorCallback                    0x080013d9   Thumb Code     2  stm32f0xx_hal_i2c.o(i.HAL_I2C_ErrorCallback)
    HAL_I2C_Init                             0x080013dd   Thumb Code   232  stm32f0xx_hal_i2c.o(i.HAL_I2C_Init)
    HAL_I2C_ListenCpltCallback               0x080014c9   Thumb Code     2  stm32f0xx_hal_i2c.o(i.HAL_I2C_ListenCpltCallback)
    HAL_I2C_Mem_Read                         0x080014cd   Thumb Code   418  stm32f0xx_hal_i2c.o(i.HAL_I2C_Mem_Read)
    HAL_I2C_Mem_Write                        0x08001679   Thumb Code   414  stm32f0xx_hal_i2c.o(i.HAL_I2C_Mem_Write)
    HAL_I2C_MspInit                          0x0800181d   Thumb Code   134  i2c.o(i.HAL_I2C_MspInit)
    HAL_I2C_SlaveRxCpltCallback              0x080018b1   Thumb Code     2  stm32f0xx_hal_i2c.o(i.HAL_I2C_SlaveRxCpltCallback)
    HAL_I2C_SlaveTxCpltCallback              0x080018b3   Thumb Code     2  stm32f0xx_hal_i2c.o(i.HAL_I2C_SlaveTxCpltCallback)
    HAL_IncTick                              0x080018b5   Thumb Code    16  stm32f0xx_hal.o(i.HAL_IncTick)
    HAL_Init                                 0x080018cd   Thumb Code    28  stm32f0xx_hal.o(i.HAL_Init)
    HAL_InitTick                             0x080018ed   Thumb Code   168  stm32f0xx_hal_timebase_tim.o(i.HAL_InitTick)
    HAL_MspInit                              0x080019ad   Thumb Code    70  stm32f0xx_hal_msp.o(i.HAL_MspInit)
    HAL_NVIC_EnableIRQ                       0x080019f9   Thumb Code    22  stm32f0xx_hal_cortex.o(i.HAL_NVIC_EnableIRQ)
    HAL_NVIC_SetPriority                     0x08001a15   Thumb Code    18  stm32f0xx_hal_cortex.o(i.HAL_NVIC_SetPriority)
    HAL_RCCEx_PeriphCLKConfig                0x08001a29   Thumb Code   378  stm32f0xx_hal_rcc_ex.o(i.HAL_RCCEx_PeriphCLKConfig)
    HAL_RCC_ClockConfig                      0x08001bb1   Thumb Code   366  stm32f0xx_hal_rcc.o(i.HAL_RCC_ClockConfig)
    HAL_RCC_GetClockConfig                   0x08001d35   Thumb Code    48  stm32f0xx_hal_rcc.o(i.HAL_RCC_GetClockConfig)
    HAL_RCC_GetHCLKFreq                      0x08001d6d   Thumb Code     6  stm32f0xx_hal_rcc.o(i.HAL_RCC_GetHCLKFreq)
    HAL_RCC_GetPCLK1Freq                     0x08001d79   Thumb Code    26  stm32f0xx_hal_rcc.o(i.HAL_RCC_GetPCLK1Freq)
    HAL_RCC_GetSysClockFreq                  0x08001d9d   Thumb Code   186  stm32f0xx_hal_rcc.o(i.HAL_RCC_GetSysClockFreq)
    HAL_RCC_OscConfig                        0x08001e6d   Thumb Code  1592  stm32f0xx_hal_rcc.o(i.HAL_RCC_OscConfig)
    HAL_TIMEx_BreakCallback                  0x080024a9   Thumb Code     2  stm32f0xx_hal_tim_ex.o(i.HAL_TIMEx_BreakCallback)
    HAL_TIMEx_CommutCallback                 0x080024ab   Thumb Code     2  stm32f0xx_hal_tim_ex.o(i.HAL_TIMEx_CommutCallback)
    HAL_TIM_Base_Init                        0x080024ad   Thumb Code   100  stm32f0xx_hal_tim.o(i.HAL_TIM_Base_Init)
    HAL_TIM_Base_MspInit                     0x08002511   Thumb Code     2  stm32f0xx_hal_tim.o(i.HAL_TIM_Base_MspInit)
    HAL_TIM_Base_Start_IT                    0x08002515   Thumb Code   100  stm32f0xx_hal_tim.o(i.HAL_TIM_Base_Start_IT)
    HAL_TIM_IC_CaptureCallback               0x08002581   Thumb Code     2  stm32f0xx_hal_tim.o(i.HAL_TIM_IC_CaptureCallback)
    HAL_TIM_IRQHandler                       0x08002583   Thumb Code   366  stm32f0xx_hal_tim.o(i.HAL_TIM_IRQHandler)
    HAL_TIM_OC_DelayElapsedCallback          0x080026f1   Thumb Code     2  stm32f0xx_hal_tim.o(i.HAL_TIM_OC_DelayElapsedCallback)
    HAL_TIM_PWM_PulseFinishedCallback        0x080026f3   Thumb Code     2  stm32f0xx_hal_tim.o(i.HAL_TIM_PWM_PulseFinishedCallback)
    HAL_TIM_PeriodElapsedCallback            0x080026f5   Thumb Code    18  main.o(i.HAL_TIM_PeriodElapsedCallback)
    HAL_TIM_TriggerCallback                  0x0800270d   Thumb Code     2  stm32f0xx_hal_tim.o(i.HAL_TIM_TriggerCallback)
    HardFault_Handler                        0x0800270f   Thumb Code     4  stm32f0xx_it.o(i.HardFault_Handler)
    I2C1_IRQHandler                          0x08002715   Thumb Code    34  stm32f0xx_it.o(i.I2C1_IRQHandler)
    INA226_Init                              0x08003375   Thumb Code    84  ina226.o(i.INA226_Init)
    INA226_Init_App                          0x080033d1   Thumb Code    24  usertasks.o(i.INA226_Init_App)
    INA226_ReadBusVoltage                    0x080033f9   Thumb Code    44  ina226.o(i.INA226_ReadBusVoltage)
    INA226_ReadCurrent                       0x08003429   Thumb Code    60  ina226.o(i.INA226_ReadCurrent)
    INA226_ReadPower                         0x08003469   Thumb Code    44  ina226.o(i.INA226_ReadPower)
    INA226_ReadShuntVoltage                  0x080034d5   Thumb Code    60  ina226.o(i.INA226_ReadShuntVoltage)
    INA226_SetCalibration                    0x08003519   Thumb Code    18  ina226.o(i.INA226_SetCalibration)
    INA226_SetConfig                         0x0800352b   Thumb Code    18  ina226.o(i.INA226_SetConfig)
    LED_Task                                 0x08003579   Thumb Code    24  usertasks.o(i.LED_Task)
    MX_FREERTOS_Init                         0x08003591   Thumb Code   102  freertos.o(i.MX_FREERTOS_Init)
    MX_GPIO_Init                             0x0800360d   Thumb Code   190  gpio.o(i.MX_GPIO_Init)
    MX_I2C1_Init                             0x080036d9   Thumb Code    80  i2c.o(i.MX_I2C1_Init)
    NMI_Handler                              0x08003735   Thumb Code     4  stm32f0xx_it.o(i.NMI_Handler)
    PowerLimit                               0x08003739   Thumb Code   114  usertasks.o(i.PowerLimit)
    PowerStateSet                            0x080037c9   Thumb Code   300  usertasks.o(i.PowerStateSet)
    Power_Task                               0x080038f9   Thumb Code    60  usertasks.o(i.Power_Task)
    SVC_Handler                              0x08003945   Thumb Code     2  port.o(i.SVC_Handler)
    StartAllTasks                            0x08003947   Thumb Code    12  freertos.o(i.StartAllTasks)
    SysTick_Handler                          0x08003955   Thumb Code    32  port.o(i.SysTick_Handler)
    SystemClock_Config                       0x08003979   Thumb Code   128  main.o(i.SystemClock_Config)
    SystemInit                               0x080039f9   Thumb Code     2  system_stm32f0xx.o(i.SystemInit)
    TIM17_IRQHandler                         0x080039fd   Thumb Code    10  stm32f0xx_it.o(i.TIM17_IRQHandler)
    TIM_Base_SetConfig                       0x08003a0d   Thumb Code   156  stm32f0xx_hal_tim.o(i.TIM_Base_SetConfig)
    __ARM_common_ll_muluu                    0x08003abd   Thumb Code    48  stm32f0xx_hal_rcc.o(i.__ARM_common_ll_muluu)
    main                                     0x08003b65   Thumb Code    28  main.o(i.main)
    osDelay                                  0x08003b8f   Thumb Code    26  cmsis_os.o(i.osDelay)
    osKernelStart                            0x08003ba9   Thumb Code    10  cmsis_os.o(i.osKernelStart)
    osThreadCreate                           0x08003bb3   Thumb Code    98  cmsis_os.o(i.osThreadCreate)
    pvPortMalloc                             0x0800404d   Thumb Code   264  heap_4.o(i.pvPortMalloc)
    pxPortInitialiseStack                    0x08004169   Thumb Code    26  port.o(i.pxPortInitialiseStack)
    roundf                                   0x08004189   Thumb Code   116  roundf.o(i.roundf)
    uxListRemove                             0x080041fd   Thumb Code    40  list.o(i.uxListRemove)
    vApplicationGetIdleTaskMemory            0x08004225   Thumb Code    14  freertos.o(i.vApplicationGetIdleTaskMemory)
    vListInitialise                          0x0800423d   Thumb Code    26  list.o(i.vListInitialise)
    vListInitialiseItem                      0x08004257   Thumb Code     6  list.o(i.vListInitialiseItem)
    vListInsert                              0x0800425d   Thumb Code    54  list.o(i.vListInsert)
    vListInsertEnd                           0x08004293   Thumb Code    24  list.o(i.vListInsertEnd)
    vPortEnterCritical                       0x080042ad   Thumb Code    22  port.o(i.vPortEnterCritical)
    vPortExitCritical                        0x080042c9   Thumb Code    36  port.o(i.vPortExitCritical)
    vPortFree                                0x080042f1   Thumb Code   120  heap_4.o(i.vPortFree)
    vPortYield                               0x08004371   Thumb Code    18  port.o(i.vPortYield)
    vTaskDelay                               0x08004389   Thumb Code    62  tasks.o(i.vTaskDelay)
    vTaskDelete                              0x080043cd   Thumb Code   150  tasks.o(i.vTaskDelete)
    vTaskStartScheduler                      0x08004481   Thumb Code   120  tasks.o(i.vTaskStartScheduler)
    vTaskSuspendAll                          0x08004515   Thumb Code    12  tasks.o(i.vTaskSuspendAll)
    vTaskSwitchContext                       0x08004525   Thumb Code   108  tasks.o(i.vTaskSwitchContext)
    xPortStartScheduler                      0x080045a5   Thumb Code    48  port.o(i.xPortStartScheduler)
    xTaskCreate                              0x080045dd   Thumb Code    98  tasks.o(i.xTaskCreate)
    xTaskCreateStatic                        0x0800463f   Thumb Code   134  tasks.o(i.xTaskCreateStatic)
    xTaskIncrementTick                       0x080046c5   Thumb Code   270  tasks.o(i.xTaskIncrementTick)
    xTaskResumeAll                           0x08004801   Thumb Code   206  tasks.o(i.xTaskResumeAll)
    __aeabi_fadd                             0x080048f1   Thumb Code     0  faddsub.o(x$fpl$fadd)
    _fadd                                    0x080048f1   Thumb Code   134  faddsub.o(x$fpl$fadd)
    __aeabi_cfcmple                          0x0800497d   Thumb Code     0  flef.o(x$fpl$fleqf)
    _fcmple                                  0x0800497d   Thumb Code    78  flef.o(x$fpl$fleqf)
    __aeabi_fmul                             0x080049d1   Thumb Code     0  fmul.o(x$fpl$fmul)
    _fmul                                    0x080049d1   Thumb Code   172  fmul.o(x$fpl$fmul)
    __aeabi_cfrcmple                         0x08004a81   Thumb Code     0  frlef.o(x$fpl$frleqf)
    _frcmple                                 0x08004a81   Thumb Code    84  frlef.o(x$fpl$frleqf)
    __aeabi_fsub                             0x08004ad9   Thumb Code     0  faddsub.o(x$fpl$fsub)
    _fsub                                    0x08004ad9   Thumb Code   204  faddsub.o(x$fpl$fsub)
    __I$use$fp                               0x08004ba8   Number         0  usenofp.o(x$fpl$usenofp)
    AHBPrescTable                            0x08004c38   Data          16  system_stm32f0xx.o(.constdata)
    APBPrescTable                            0x08004c48   Data           8  system_stm32f0xx.o(.constdata)
    Region$$Table$$Base                      0x08004cb8   Number         0  anon$$obj.o(Region$$Table)
    Region$$Table$$Limit                     0x08004cd8   Number         0  anon$$obj.o(Region$$Table)
    ADCTaskHandle                            0x20000000   Data           4  freertos.o(.data)
    LEDTaskHandle                            0x20000004   Data           4  freertos.o(.data)
    PowerTaskHandle                          0x20000008   Data           4  freertos.o(.data)
    StartTasksHandle                         0x2000000c   Data           4  freertos.o(.data)
    uwTick                                   0x20000010   Data           4  stm32f0xx_hal.o(.data)
    uwTickPrio                               0x20000014   Data           4  stm32f0xx_hal.o(.data)
    uwTickFreq                               0x20000018   Data           1  stm32f0xx_hal.o(.data)
    SystemCoreClock                          0x2000001c   Data           4  system_stm32f0xx.o(.data)
    raw_value_glo                            0x20000020   Data           2  ina226.o(.data)
    ShuntVoltage                             0x20000022   Data           2  ina226.o(.data)
    ShuntVoltage_t                           0x20000024   Data           2  ina226.o(.data)
    current_value                            0x20000028   Data           4  usertasks.o(.data)
    power_value                              0x2000002c   Data           4  usertasks.o(.data)
    voltage_value                            0x20000030   Data           4  usertasks.o(.data)
    voltage_bus                              0x20000034   Data           4  usertasks.o(.data)
    measurement_count                        0x20000038   Data           4  usertasks.o(.data)
    measurement_flag                         0x2000003c   Data           1  usertasks.o(.data)
    Z                                        0x20000040   Data           4  usertasks.o(.data)
    P1                                       0x20000044   Data           4  usertasks.o(.data)
    limit_flag                               0x20000048   Data           1  usertasks.o(.data)
    ret                                      0x20000049   Data           1  usertasks.o(.data)
    pxCurrentTCB                             0x2000004c   Data           4  tasks.o(.data)
    hi2c1                                    0x200002f8   Data          84  i2c.o(.bss)
    htim17                                   0x2000034c   Data          72  stm32f0xx_hal_timebase_tim.o(.bss)
    hina226                                  0x20000394   Data          24  usertasks.o(.bss)
    __libspace_start                         0x2000109c   Data          96  libspace.o(.bss)
    __temporary_stack_top$libspace           0x200010fc   Data           0  libspace.o(.bss)



==============================================================================

Memory Map of the image

  Image Entry point : 0x080000c1

  Load Region LR_IROM1 (Base: 0x08000000, Size: 0x00004d7c, Max: 0x00008000, ABSOLUTE)

    Execution Region ER_IROM1 (Exec base: 0x08000000, Load base: 0x08000000, Size: 0x00004cd8, Max: 0x00008000, ABSOLUTE)

    Exec Addr    Load Addr    Size         Type   Attr      Idx    E Section Name        Object

    0x08000000   0x08000000   0x000000c0   Data   RO            3    RESET               startup_stm32f042x6.o
    0x080000c0   0x080000c0   0x00000008   Code   RO         4483  * !!!main             c_p.l(__main.o)
    0x080000c8   0x080000c8   0x0000003c   Code   RO         4698    !!!scatter          c_p.l(__scatter.o)
    0x08000104   0x08000104   0x0000001a   Code   RO         4700    !!handler_copy      c_p.l(__scatter_copy.o)
    0x0800011e   0x0800011e   0x00000002   PAD
    0x08000120   0x08000120   0x0000001c   Code   RO         4702    !!handler_zi        c_p.l(__scatter_zi.o)
    0x0800013c   0x0800013c   0x00000002   Code   RO         4563    .ARM.Collect$$libinit$$00000000  c_p.l(libinit.o)
    0x0800013e   0x0800013e   0x00000000   Code   RO         4579    .ARM.Collect$$libinit$$00000002  c_p.l(libinit2.o)
    0x0800013e   0x0800013e   0x00000000   Code   RO         4581    .ARM.Collect$$libinit$$00000004  c_p.l(libinit2.o)
    0x0800013e   0x0800013e   0x00000000   Code   RO         4584    .ARM.Collect$$libinit$$0000000A  c_p.l(libinit2.o)
    0x0800013e   0x0800013e   0x00000000   Code   RO         4586    .ARM.Collect$$libinit$$0000000C  c_p.l(libinit2.o)
    0x0800013e   0x0800013e   0x00000000   Code   RO         4588    .ARM.Collect$$libinit$$0000000E  c_p.l(libinit2.o)
    0x0800013e   0x0800013e   0x00000000   Code   RO         4591    .ARM.Collect$$libinit$$00000011  c_p.l(libinit2.o)
    0x0800013e   0x0800013e   0x00000000   Code   RO         4593    .ARM.Collect$$libinit$$00000013  c_p.l(libinit2.o)
    0x0800013e   0x0800013e   0x00000000   Code   RO         4595    .ARM.Collect$$libinit$$00000015  c_p.l(libinit2.o)
    0x0800013e   0x0800013e   0x00000000   Code   RO         4597    .ARM.Collect$$libinit$$00000017  c_p.l(libinit2.o)
    0x0800013e   0x0800013e   0x00000000   Code   RO         4599    .ARM.Collect$$libinit$$00000019  c_p.l(libinit2.o)
    0x0800013e   0x0800013e   0x00000000   Code   RO         4601    .ARM.Collect$$libinit$$0000001B  c_p.l(libinit2.o)
    0x0800013e   0x0800013e   0x00000000   Code   RO         4603    .ARM.Collect$$libinit$$0000001D  c_p.l(libinit2.o)
    0x0800013e   0x0800013e   0x00000000   Code   RO         4605    .ARM.Collect$$libinit$$0000001F  c_p.l(libinit2.o)
    0x0800013e   0x0800013e   0x00000000   Code   RO         4607    .ARM.Collect$$libinit$$00000021  c_p.l(libinit2.o)
    0x0800013e   0x0800013e   0x00000000   Code   RO         4609    .ARM.Collect$$libinit$$00000023  c_p.l(libinit2.o)
    0x0800013e   0x0800013e   0x00000000   Code   RO         4611    .ARM.Collect$$libinit$$00000025  c_p.l(libinit2.o)
    0x0800013e   0x0800013e   0x00000000   Code   RO         4615    .ARM.Collect$$libinit$$0000002C  c_p.l(libinit2.o)
    0x0800013e   0x0800013e   0x00000000   Code   RO         4617    .ARM.Collect$$libinit$$0000002E  c_p.l(libinit2.o)
    0x0800013e   0x0800013e   0x00000000   Code   RO         4619    .ARM.Collect$$libinit$$00000030  c_p.l(libinit2.o)
    0x0800013e   0x0800013e   0x00000000   Code   RO         4621    .ARM.Collect$$libinit$$00000032  c_p.l(libinit2.o)
    0x0800013e   0x0800013e   0x00000002   Code   RO         4622    .ARM.Collect$$libinit$$00000033  c_p.l(libinit2.o)
    0x08000140   0x08000140   0x00000002   Code   RO         4653    .ARM.Collect$$libshutdown$$00000000  c_p.l(libshutdown.o)
    0x08000142   0x08000142   0x00000000   Code   RO         4679    .ARM.Collect$$libshutdown$$00000002  c_p.l(libshutdown2.o)
    0x08000142   0x08000142   0x00000000   Code   RO         4681    .ARM.Collect$$libshutdown$$00000004  c_p.l(libshutdown2.o)
    0x08000142   0x08000142   0x00000000   Code   RO         4683    .ARM.Collect$$libshutdown$$00000006  c_p.l(libshutdown2.o)
    0x08000142   0x08000142   0x00000000   Code   RO         4686    .ARM.Collect$$libshutdown$$00000009  c_p.l(libshutdown2.o)
    0x08000142   0x08000142   0x00000000   Code   RO         4689    .ARM.Collect$$libshutdown$$0000000C  c_p.l(libshutdown2.o)
    0x08000142   0x08000142   0x00000000   Code   RO         4691    .ARM.Collect$$libshutdown$$0000000E  c_p.l(libshutdown2.o)
    0x08000142   0x08000142   0x00000000   Code   RO         4694    .ARM.Collect$$libshutdown$$00000011  c_p.l(libshutdown2.o)
    0x08000142   0x08000142   0x00000002   Code   RO         4695    .ARM.Collect$$libshutdown$$00000012  c_p.l(libshutdown2.o)
    0x08000144   0x08000144   0x00000000   Code   RO         4514    .ARM.Collect$$rtentry$$00000000  c_p.l(__rtentry.o)
    0x08000144   0x08000144   0x00000000   Code   RO         4529    .ARM.Collect$$rtentry$$00000002  c_p.l(__rtentry2.o)
    0x08000144   0x08000144   0x00000006   Code   RO         4541    .ARM.Collect$$rtentry$$00000004  c_p.l(__rtentry4.o)
    0x0800014a   0x0800014a   0x00000000   Code   RO         4531    .ARM.Collect$$rtentry$$00000009  c_p.l(__rtentry2.o)
    0x0800014a   0x0800014a   0x00000004   Code   RO         4532    .ARM.Collect$$rtentry$$0000000A  c_p.l(__rtentry2.o)
    0x0800014e   0x0800014e   0x00000000   Code   RO         4534    .ARM.Collect$$rtentry$$0000000C  c_p.l(__rtentry2.o)
    0x0800014e   0x0800014e   0x00000008   Code   RO         4535    .ARM.Collect$$rtentry$$0000000D  c_p.l(__rtentry2.o)
    0x08000156   0x08000156   0x00000002   Code   RO         4570    .ARM.Collect$$rtexit$$00000000  c_p.l(rtexit.o)
    0x08000158   0x08000158   0x00000000   Code   RO         4626    .ARM.Collect$$rtexit$$00000002  c_p.l(rtexit2.o)
    0x08000158   0x08000158   0x00000004   Code   RO         4627    .ARM.Collect$$rtexit$$00000003  c_p.l(rtexit2.o)
    0x0800015c   0x0800015c   0x00000006   Code   RO         4628    .ARM.Collect$$rtexit$$00000004  c_p.l(rtexit2.o)
    0x08000162   0x08000162   0x00000002   PAD
    0x08000164   0x08000164   0x00000078   Code   RO         4393    .emb_text           port.o
    0x080001dc   0x080001dc   0x00000038   Code   RO         4469    .emb_text           c_p.l(rt_memcpy.o)
    0x08000214   0x08000214   0x00000074   Code   RO            4    .text               startup_stm32f042x6.o
    0x08000288   0x08000288   0x00000102   Code   RO         4467    .text               c_p.l(lludiv.o)
    0x0800038a   0x0800038a   0x00000040   Code   RO         4475    .text               c_p.l(rt_memclr.o)
    0x080003ca   0x080003ca   0x0000015a   Code   RO         4477    .text               c_p.l(aeabi_sdiv.o)
    0x08000524   0x08000524   0x00000006   Code   RO         4481    .text               c_p.l(heapauxi.o)
    0x0800052a   0x0800052a   0x00000002   PAD
    0x0800052c   0x0800052c   0x0000007c   Code   RO         4485    .text               fz_ps.l(d2f.o)
    0x080005a8   0x080005a8   0x00000358   Code   RO         4487    .text               fz_ps.l(daddsub.o)
    0x08000900   0x08000900   0x00000248   Code   RO         4489    .text               fz_ps.l(dmul.o)
    0x08000b48   0x08000b48   0x00000054   Code   RO         4491    .text               fz_ps.l(f2d.o)
    0x08000b9c   0x08000b9c   0x00000160   Code   RO         4499    .text               fz_ps.l(fdiv.o)
    0x08000cfc   0x08000cfc   0x00000030   Code   RO         4502    .text               fz_ps.l(ffixui.o)
    0x08000d2c   0x08000d2c   0x0000005e   Code   RO         4504    .text               fz_ps.l(fflti.o)
    0x08000d8a   0x08000d8a   0x00000002   PAD
    0x08000d8c   0x08000d8c   0x00000064   Code   RO         4523    .text               fz_ps.l(fcmpin.o)
    0x08000df0   0x08000df0   0x00000080   Code   RO         4525    .text               fz_ps.l(frnd.o)
    0x08000e70   0x08000e70   0x0000002e   Code   RO         4545    .text               fz_ps.l(cmpret.o)
    0x08000e9e   0x08000e9e   0x00000002   PAD
    0x08000ea0   0x08000ea0   0x00000010   Code   RO         4547    .text               fz_ps.l(fnan2.o)
    0x08000eb0   0x08000eb0   0x0000003e   Code   RO         4549    .text               c_p.l(sys_stackheap_outer.o)
    0x08000eee   0x08000eee   0x00000010   Code   RO         4552    .text               c_p.l(exit.o)
    0x08000efe   0x08000efe   0x0000005e   Code   RO         4564    .text               fz_ps.l(retnan.o)
    0x08000f5c   0x08000f5c   0x00000008   Code   RO         4566    .text               c_p.l(libspace.o)
    0x08000f64   0x08000f64   0x0000000c   Code   RO         4623    .text               c_p.l(sys_exit.o)
    0x08000f70   0x08000f70   0x00000002   Code   RO         4642    .text               c_p.l(use_no_semi.o)
    0x08000f72   0x08000f72   0x00000000   Code   RO         4644    .text               c_p.l(indicate_semi.o)
    0x08000f72   0x08000f72   0x00000002   PAD
    0x08000f74   0x08000f74   0x00000064   Code   RO         3163    i.ADC_Task          usertasks.o
    0x08000fd8   0x08000fd8   0x00000006   Code   RO           12    i.Error_Handler     main.o
    0x08000fde   0x08000fde   0x00000058   Code   RO         2427    i.HAL_DMA_Abort_IT  stm32f0xx_hal_dma.o
    0x08001036   0x08001036   0x00000008   Code   RO         2430    i.HAL_DMA_GetState  stm32f0xx_hal_dma.o
    0x0800103e   0x0800103e   0x00000002   PAD
    0x08001040   0x08001040   0x000001e0   Code   RO         2365    i.HAL_GPIO_Init     stm32f0xx_hal_gpio.o
    0x08001220   0x08001220   0x00000014   Code   RO         2368    i.HAL_GPIO_TogglePin  stm32f0xx_hal_gpio.o
    0x08001234   0x08001234   0x0000000c   Code   RO         2369    i.HAL_GPIO_WritePin  stm32f0xx_hal_gpio.o
    0x08001240   0x08001240   0x0000000c   Code   RO         1695    i.HAL_GetTick       stm32f0xx_hal.o
    0x0800124c   0x0800124c   0x0000006e   Code   RO         2312    i.HAL_I2CEx_ConfigAnalogFilter  stm32f0xx_hal_i2c_ex.o
    0x080012ba   0x080012ba   0x00000070   Code   RO         2313    i.HAL_I2CEx_ConfigDigitalFilter  stm32f0xx_hal_i2c_ex.o
    0x0800132a   0x0800132a   0x00000002   Code   RO         1844    i.HAL_I2C_AbortCpltCallback  stm32f0xx_hal_i2c.o
    0x0800132c   0x0800132c   0x00000002   Code   RO         1845    i.HAL_I2C_AddrCallback  stm32f0xx_hal_i2c.o
    0x0800132e   0x0800132e   0x0000008c   Code   RO         1848    i.HAL_I2C_ER_IRQHandler  stm32f0xx_hal_i2c.o
    0x080013ba   0x080013ba   0x0000001e   Code   RO         1849    i.HAL_I2C_EV_IRQHandler  stm32f0xx_hal_i2c.o
    0x080013d8   0x080013d8   0x00000002   Code   RO         1851    i.HAL_I2C_ErrorCallback  stm32f0xx_hal_i2c.o
    0x080013da   0x080013da   0x00000002   PAD
    0x080013dc   0x080013dc   0x000000ec   Code   RO         1855    i.HAL_I2C_Init      stm32f0xx_hal_i2c.o
    0x080014c8   0x080014c8   0x00000002   Code   RO         1857    i.HAL_I2C_ListenCpltCallback  stm32f0xx_hal_i2c.o
    0x080014ca   0x080014ca   0x00000002   PAD
    0x080014cc   0x080014cc   0x000001ac   Code   RO         1873    i.HAL_I2C_Mem_Read  stm32f0xx_hal_i2c.o
    0x08001678   0x08001678   0x000001a4   Code   RO         1876    i.HAL_I2C_Mem_Write  stm32f0xx_hal_i2c.o
    0x0800181c   0x0800181c   0x00000094   Code   RO          393    i.HAL_I2C_MspInit   i2c.o
    0x080018b0   0x080018b0   0x00000002   Code   RO         1881    i.HAL_I2C_SlaveRxCpltCallback  stm32f0xx_hal_i2c.o
    0x080018b2   0x080018b2   0x00000002   Code   RO         1882    i.HAL_I2C_SlaveTxCpltCallback  stm32f0xx_hal_i2c.o
    0x080018b4   0x080018b4   0x00000018   Code   RO         1701    i.HAL_IncTick       stm32f0xx_hal.o
    0x080018cc   0x080018cc   0x00000020   Code   RO         1702    i.HAL_Init          stm32f0xx_hal.o
    0x080018ec   0x080018ec   0x000000c0   Code   RO          492    i.HAL_InitTick      stm32f0xx_hal_timebase_tim.o
    0x080019ac   0x080019ac   0x0000004c   Code   RO          472    i.HAL_MspInit       stm32f0xx_hal_msp.o
    0x080019f8   0x080019f8   0x0000001c   Code   RO         2522    i.HAL_NVIC_EnableIRQ  stm32f0xx_hal_cortex.o
    0x08001a14   0x08001a14   0x00000012   Code   RO         2526    i.HAL_NVIC_SetPriority  stm32f0xx_hal_cortex.o
    0x08001a26   0x08001a26   0x00000002   PAD
    0x08001a28   0x08001a28   0x00000188   Code   RO         1611    i.HAL_RCCEx_PeriphCLKConfig  stm32f0xx_hal_rcc_ex.o
    0x08001bb0   0x08001bb0   0x00000184   Code   RO         1506    i.HAL_RCC_ClockConfig  stm32f0xx_hal_rcc.o
    0x08001d34   0x08001d34   0x00000038   Code   RO         1510    i.HAL_RCC_GetClockConfig  stm32f0xx_hal_rcc.o
    0x08001d6c   0x08001d6c   0x0000000c   Code   RO         1511    i.HAL_RCC_GetHCLKFreq  stm32f0xx_hal_rcc.o
    0x08001d78   0x08001d78   0x00000024   Code   RO         1513    i.HAL_RCC_GetPCLK1Freq  stm32f0xx_hal_rcc.o
    0x08001d9c   0x08001d9c   0x000000d0   Code   RO         1514    i.HAL_RCC_GetSysClockFreq  stm32f0xx_hal_rcc.o
    0x08001e6c   0x08001e6c   0x0000063c   Code   RO         1517    i.HAL_RCC_OscConfig  stm32f0xx_hal_rcc.o
    0x080024a8   0x080024a8   0x00000002   Code   RO         1242    i.HAL_TIMEx_BreakCallback  stm32f0xx_hal_tim_ex.o
    0x080024aa   0x080024aa   0x00000002   Code   RO         1243    i.HAL_TIMEx_CommutCallback  stm32f0xx_hal_tim_ex.o
    0x080024ac   0x080024ac   0x00000064   Code   RO          529    i.HAL_TIM_Base_Init  stm32f0xx_hal_tim.o
    0x08002510   0x08002510   0x00000002   Code   RO          531    i.HAL_TIM_Base_MspInit  stm32f0xx_hal_tim.o
    0x08002512   0x08002512   0x00000002   PAD
    0x08002514   0x08002514   0x0000006c   Code   RO          534    i.HAL_TIM_Base_Start_IT  stm32f0xx_hal_tim.o
    0x08002580   0x08002580   0x00000002   Code   RO          563    i.HAL_TIM_IC_CaptureCallback  stm32f0xx_hal_tim.o
    0x08002582   0x08002582   0x0000016e   Code   RO          577    i.HAL_TIM_IRQHandler  stm32f0xx_hal_tim.o
    0x080026f0   0x080026f0   0x00000002   Code   RO          580    i.HAL_TIM_OC_DelayElapsedCallback  stm32f0xx_hal_tim.o
    0x080026f2   0x080026f2   0x00000002   Code   RO          607    i.HAL_TIM_PWM_PulseFinishedCallback  stm32f0xx_hal_tim.o
    0x080026f4   0x080026f4   0x00000018   Code   RO           13    i.HAL_TIM_PeriodElapsedCallback  main.o
    0x0800270c   0x0800270c   0x00000002   Code   RO          620    i.HAL_TIM_TriggerCallback  stm32f0xx_hal_tim.o
    0x0800270e   0x0800270e   0x00000004   Code   RO          430    i.HardFault_Handler  stm32f0xx_it.o
    0x08002712   0x08002712   0x00000002   PAD
    0x08002714   0x08002714   0x00000028   Code   RO          431    i.I2C1_IRQHandler   stm32f0xx_it.o
    0x0800273c   0x0800273c   0x00000026   Code   RO         1894    i.I2C_DMAAbort      stm32f0xx_hal_i2c.o
    0x08002762   0x08002762   0x00000074   Code   RO         1900    i.I2C_Disable_IRQ   stm32f0xx_hal_i2c.o
    0x080027d6   0x080027d6   0x00000032   Code   RO         1902    i.I2C_Flush_TXDR    stm32f0xx_hal_i2c.o
    0x08002808   0x08002808   0x000000d0   Code   RO         1903    i.I2C_ITAddrCplt    stm32f0xx_hal_i2c.o
    0x080028d8   0x080028d8   0x0000015c   Code   RO         1904    i.I2C_ITError       stm32f0xx_hal_i2c.o
    0x08002a34   0x08002a34   0x00000078   Code   RO         1905    i.I2C_ITListenCplt  stm32f0xx_hal_i2c.o
    0x08002aac   0x08002aac   0x0000022c   Code   RO         1908    i.I2C_ITSlaveCplt   stm32f0xx_hal_i2c.o
    0x08002cd8   0x08002cd8   0x0000009c   Code   RO         1909    i.I2C_ITSlaveSeqCplt  stm32f0xx_hal_i2c.o
    0x08002d74   0x08002d74   0x0000015c   Code   RO         1910    i.I2C_IsErrorOccurred  stm32f0xx_hal_i2c.o
    0x08002ed0   0x08002ed0   0x00000080   Code   RO         1915    i.I2C_RequestMemoryRead  stm32f0xx_hal_i2c.o
    0x08002f50   0x08002f50   0x00000080   Code   RO         1916    i.I2C_RequestMemoryWrite  stm32f0xx_hal_i2c.o
    0x08002fd0   0x08002fd0   0x00000180   Code   RO         1918    i.I2C_Slave_ISR_IT  stm32f0xx_hal_i2c.o
    0x08003150   0x08003150   0x0000003c   Code   RO         1919    i.I2C_TransferConfig  stm32f0xx_hal_i2c.o
    0x0800318c   0x0800318c   0x0000003e   Code   RO         1920    i.I2C_TreatErrorCallback  stm32f0xx_hal_i2c.o
    0x080031ca   0x080031ca   0x0000007e   Code   RO         1921    i.I2C_WaitOnFlagUntilTimeout  stm32f0xx_hal_i2c.o
    0x08003248   0x08003248   0x00000066   Code   RO         1923    i.I2C_WaitOnSTOPFlagUntilTimeout  stm32f0xx_hal_i2c.o
    0x080032ae   0x080032ae   0x0000006e   Code   RO         1924    i.I2C_WaitOnTXISFlagUntilTimeout  stm32f0xx_hal_i2c.o
    0x0800331c   0x0800331c   0x00000058   Code   RO         3070    i.INA226_CalculateCalibration  ina226.o
    0x08003374   0x08003374   0x0000005c   Code   RO         3071    i.INA226_Init       ina226.o
    0x080033d0   0x080033d0   0x00000028   Code   RO         3164    i.INA226_Init_App   usertasks.o
    0x080033f8   0x080033f8   0x00000030   Code   RO         3072    i.INA226_ReadBusVoltage  ina226.o
    0x08003428   0x08003428   0x00000040   Code   RO         3073    i.INA226_ReadCurrent  ina226.o
    0x08003468   0x08003468   0x0000002c   Code   RO         3075    i.INA226_ReadPower  ina226.o
    0x08003494   0x08003494   0x00000040   Code   RO         3076    i.INA226_ReadRegister  ina226.o
    0x080034d4   0x080034d4   0x00000044   Code   RO         3077    i.INA226_ReadShuntVoltage  ina226.o
    0x08003518   0x08003518   0x00000012   Code   RO         3079    i.INA226_SetCalibration  ina226.o
    0x0800352a   0x0800352a   0x00000012   Code   RO         3080    i.INA226_SetConfig  ina226.o
    0x0800353c   0x0800353c   0x0000003c   Code   RO         3081    i.INA226_WriteRegister  ina226.o
    0x08003578   0x08003578   0x00000018   Code   RO         3165    i.LED_Task          usertasks.o
    0x08003590   0x08003590   0x0000007c   Code   RO          215    i.MX_FREERTOS_Init  freertos.o
    0x0800360c   0x0800360c   0x000000cc   Code   RO          195    i.MX_GPIO_Init      gpio.o
    0x080036d8   0x080036d8   0x0000005c   Code   RO          394    i.MX_I2C1_Init      i2c.o
    0x08003734   0x08003734   0x00000004   Code   RO          432    i.NMI_Handler       stm32f0xx_it.o
    0x08003738   0x08003738   0x00000090   Code   RO         3166    i.PowerLimit        usertasks.o
    0x080037c8   0x080037c8   0x00000130   Code   RO         3167    i.PowerStateSet     usertasks.o
    0x080038f8   0x080038f8   0x0000004c   Code   RO         3168    i.Power_Task        usertasks.o
    0x08003944   0x08003944   0x00000002   Code   RO         4394    i.SVC_Handler       port.o
    0x08003946   0x08003946   0x0000000c   Code   RO          216    i.StartAllTasks     freertos.o
    0x08003952   0x08003952   0x00000002   PAD
    0x08003954   0x08003954   0x00000024   Code   RO         4395    i.SysTick_Handler   port.o
    0x08003978   0x08003978   0x00000080   Code   RO           14    i.SystemClock_Config  main.o
    0x080039f8   0x080039f8   0x00000002   Code   RO         3038    i.SystemInit        system_stm32f0xx.o
    0x080039fa   0x080039fa   0x00000002   PAD
    0x080039fc   0x080039fc   0x00000010   Code   RO          433    i.TIM17_IRQHandler  stm32f0xx_it.o
    0x08003a0c   0x08003a0c   0x000000b0   Code   RO          622    i.TIM_Base_SetConfig  stm32f0xx_hal_tim.o
    0x08003abc   0x08003abc   0x00000030   Code   RO         1593    i.__ARM_common_ll_muluu  stm32f0xx_hal_rcc.o
    0x08003aec   0x08003aec   0x00000078   Code   RO         2532    i.__NVIC_SetPriority  stm32f0xx_hal_cortex.o
    0x08003b64   0x08003b64   0x0000001c   Code   RO           15    i.main              main.o
    0x08003b80   0x08003b80   0x0000000e   Code   RO         3995    i.makeFreeRtosPriority  cmsis_os.o
    0x08003b8e   0x08003b8e   0x0000001a   Code   RO         3997    i.osDelay           cmsis_os.o
    0x08003ba8   0x08003ba8   0x0000000a   Code   RO         4000    i.osKernelStart     cmsis_os.o
    0x08003bb2   0x08003bb2   0x00000062   Code   RO         4034    i.osThreadCreate    cmsis_os.o
    0x08003c14   0x08003c14   0x0000007c   Code   RO         3682    i.prvAddCurrentTaskToDelayedList  tasks.o
    0x08003c90   0x08003c90   0x000000a4   Code   RO         3683    i.prvAddNewTaskToReadyList  tasks.o
    0x08003d34   0x08003d34   0x00000048   Code   RO         3684    i.prvCheckTasksWaitingTermination  tasks.o
    0x08003d7c   0x08003d7c   0x00000044   Code   RO         3685    i.prvDeleteTCB      tasks.o
    0x08003dc0   0x08003dc0   0x0000007c   Code   RO         4344    i.prvHeapInit       heap_4.o
    0x08003e3c   0x08003e3c   0x00000018   Code   RO         3686    i.prvIdleTask       tasks.o
    0x08003e54   0x08003e54   0x000000a4   Code   RO         3687    i.prvInitialiseNewTask  tasks.o
    0x08003ef8   0x08003ef8   0x00000064   Code   RO         3688    i.prvInitialiseTaskLists  tasks.o
    0x08003f5c   0x08003f5c   0x00000068   Code   RO         4345    i.prvInsertBlockIntoFreeList  heap_4.o
    0x08003fc4   0x08003fc4   0x00000038   Code   RO         3689    i.prvResetNextTaskUnblockTime  tasks.o
    0x08003ffc   0x08003ffc   0x0000002c   Code   RO         4396    i.prvSetupTimerInterrupt  port.o
    0x08004028   0x08004028   0x00000024   Code   RO         4397    i.prvTaskExitError  port.o
    0x0800404c   0x0800404c   0x0000011c   Code   RO         4346    i.pvPortMalloc      heap_4.o
    0x08004168   0x08004168   0x00000020   Code   RO         4398    i.pxPortInitialiseStack  port.o
    0x08004188   0x08004188   0x00000074   Code   RO         4512    i.roundf            m_ps.l(roundf.o)
    0x080041fc   0x080041fc   0x00000028   Code   RO         3320    i.uxListRemove      list.o
    0x08004224   0x08004224   0x00000018   Code   RO          217    i.vApplicationGetIdleTaskMemory  freertos.o
    0x0800423c   0x0800423c   0x0000001a   Code   RO         3321    i.vListInitialise   list.o
    0x08004256   0x08004256   0x00000006   Code   RO         3322    i.vListInitialiseItem  list.o
    0x0800425c   0x0800425c   0x00000036   Code   RO         3323    i.vListInsert       list.o
    0x08004292   0x08004292   0x00000018   Code   RO         3324    i.vListInsertEnd    list.o
    0x080042aa   0x080042aa   0x00000002   PAD
    0x080042ac   0x080042ac   0x0000001c   Code   RO         4400    i.vPortEnterCritical  port.o
    0x080042c8   0x080042c8   0x00000028   Code   RO         4401    i.vPortExitCritical  port.o
    0x080042f0   0x080042f0   0x00000080   Code   RO         4347    i.vPortFree         heap_4.o
    0x08004370   0x08004370   0x00000018   Code   RO         4402    i.vPortYield        port.o
    0x08004388   0x08004388   0x00000044   Code   RO         3697    i.vTaskDelay        tasks.o
    0x080043cc   0x080043cc   0x000000b4   Code   RO         3698    i.vTaskDelete       tasks.o
    0x08004480   0x08004480   0x00000094   Code   RO         3710    i.vTaskStartScheduler  tasks.o
    0x08004514   0x08004514   0x00000010   Code   RO         3712    i.vTaskSuspendAll   tasks.o
    0x08004524   0x08004524   0x00000080   Code   RO         3713    i.vTaskSwitchContext  tasks.o
    0x080045a4   0x080045a4   0x00000038   Code   RO         4403    i.xPortStartScheduler  port.o
    0x080045dc   0x080045dc   0x00000062   Code   RO         3715    i.xTaskCreate       tasks.o
    0x0800463e   0x0800463e   0x00000086   Code   RO         3716    i.xTaskCreateStatic  tasks.o
    0x080046c4   0x080046c4   0x0000013c   Code   RO         3723    i.xTaskIncrementTick  tasks.o
    0x08004800   0x08004800   0x000000f0   Code   RO         3729    i.xTaskResumeAll    tasks.o
    0x080048f0   0x080048f0   0x0000008c   Code   RO         4493    x$fpl$fadd          fz_ps.l(faddsub.o)
    0x0800497c   0x0800497c   0x00000054   Code   RO         4506    x$fpl$fleqf         fz_ps.l(flef.o)
    0x080049d0   0x080049d0   0x000000b0   Code   RO         4508    x$fpl$fmul          fz_ps.l(fmul.o)
    0x08004a80   0x08004a80   0x00000058   Code   RO         4510    x$fpl$frleqf        fz_ps.l(frlef.o)
    0x08004ad8   0x08004ad8   0x000000d0   Code   RO         4495    x$fpl$fsub          fz_ps.l(faddsub.o)
    0x08004ba8   0x08004ba8   0x00000000   Code   RO         4527    x$fpl$usenofp       fz_ps.l(usenofp.o)
    0x08004ba8   0x08004ba8   0x00000070   Data   RO          219    .constdata          freertos.o
    0x08004c18   0x08004c18   0x00000020   Data   RO         1518    .constdata          stm32f0xx_hal_rcc.o
    0x08004c38   0x08004c38   0x00000018   Data   RO         3039    .constdata          system_stm32f0xx.o
    0x08004c50   0x08004c50   0x00000040   Data   RO         4500    .constdata          fz_ps.l(fdiv.o)
    0x08004c90   0x08004c90   0x00000027   Data   RO          220    .conststring        freertos.o
    0x08004cb7   0x08004cb7   0x00000001   PAD
    0x08004cb8   0x08004cb8   0x00000020   Data   RO         4696    Region$$Table       anon$$obj.o


    Execution Region RW_IRAM1 (Exec base: 0x20000000, Load base: 0x08004cd8, Size: 0x00001700, Max: 0x00001800, ABSOLUTE)

    Exec Addr    Load Addr    Size         Type   Attr      Idx    E Section Name        Object

    0x20000000   0x08004cd8   0x00000010   Data   RW          221    .data               freertos.o
    0x20000010   0x08004ce8   0x00000009   Data   RW         1709    .data               stm32f0xx_hal.o
    0x20000019   0x08004cf1   0x00000003   PAD
    0x2000001c   0x08004cf4   0x00000004   Data   RW         3040    .data               system_stm32f0xx.o
    0x20000020   0x08004cf8   0x00000006   Data   RW         3082    .data               ina226.o
    0x20000026   0x08004cfe   0x00000002   PAD
    0x20000028   0x08004d00   0x00000022   Data   RW         3170    .data               usertasks.o
    0x2000004a   0x08004d22   0x00000002   PAD
    0x2000004c   0x08004d24   0x0000003c   Data   RW         3732    .data               tasks.o
    0x20000088   0x08004d60   0x00000018   Data   RW         4352    .data               heap_4.o
    0x200000a0   0x08004d78   0x00000004   Data   RW         4404    .data               port.o
    0x200000a4        -       0x00000254   Zero   RW          218    .bss                freertos.o
    0x200002f8        -       0x00000054   Zero   RW          395    .bss                i2c.o
    0x2000034c        -       0x00000048   Zero   RW          495    .bss                stm32f0xx_hal_timebase_tim.o
    0x20000394        -       0x00000018   Zero   RW         3169    .bss                usertasks.o
    0x200003ac        -       0x000000f0   Zero   RW         3731    .bss                tasks.o
    0x2000049c        -       0x00000c00   Zero   RW         4351    .bss                heap_4.o
    0x2000109c        -       0x00000060   Zero   RW         4567    .bss                c_p.l(libspace.o)
    0x200010fc   0x08004d7c   0x00000004   PAD
    0x20001100        -       0x00000200   Zero   RW            2    HEAP                startup_stm32f042x6.o
    0x20001300        -       0x00000400   Zero   RW            1    STACK               startup_stm32f042x6.o


==============================================================================

Image component sizes


      Code (inc. data)   RO Data    RW Data    ZI Data      Debug   Object Name

       148          0          0          0          0       8043   cmsis_os.o
         0          0          0          0          0      10332   event_groups.o
       160         32        151         16        596     404054   freertos.o
       204         14          0          0          0        927   gpio.o
       640         60          0         24       3072       4531   heap_4.o
       240         26          0          0         84       1665   i2c.o
       564         32          0          6          0       9159   ina226.o
       150          0          0          0          0       3438   list.o
       186          6          0          0          0     478212   main.o
       418         58          0          4          0       7304   port.o
       116         56        192          0       1536        672   startup_stm32f042x6.o
        68         18          0          9          0       7446   stm32f0xx_hal.o
       166         16          0          0          0       9648   stm32f0xx_hal_cortex.o
        96          0          0          0          0       1614   stm32f0xx_hal_dma.o
       512         20          0          0          0       2617   stm32f0xx_hal_gpio.o
      4306         82          0          0          0      23622   stm32f0xx_hal_i2c.o
       222          0          0          0          0       1915   stm32f0xx_hal_i2c_ex.o
        76          6          0          0          0        842   stm32f0xx_hal_msp.o
      2344         84         32          0          0       5898   stm32f0xx_hal_rcc.o
       392         14          0          0          0       1528   stm32f0xx_hal_rcc_ex.o
       760         28          0          0          0       6294   stm32f0xx_hal_tim.o
         4          0          0          0          0       1553   stm32f0xx_hal_tim_ex.o
       192         24          0          0         72       1488   stm32f0xx_hal_timebase_tim.o
        64         12          0          0          0       1791   stm32f0xx_it.o
         0          0          0          0          0       9248   stream_buffer.o
         2          0         24          4          0       1135   system_stm32f0xx.o
      2100        274          0         60        240      16907   tasks.o
       688         94          0         34         24       6591   usertasks.o

    ----------------------------------------------------------------------
     14836        956        432        164       5624    1028474   Object Totals
         0          0         32          0          0          0   (incl. Generated)
        18          0          1          7          0          0   (incl. Padding)

    ----------------------------------------------------------------------

      Code (inc. data)   RO Data    RW Data    ZI Data      Debug   Library Member Name

         8          0          0          0          0         68   __main.o
         0          0          0          0          0          0   __rtentry.o
        12          0          0          0          0          0   __rtentry2.o
         6          0          0          0          0          0   __rtentry4.o
        60          8          0          0          0          0   __scatter.o
        26          0          0          0          0          0   __scatter_copy.o
        28          0          0          0          0          0   __scatter_zi.o
       346          0          0          0          0         92   aeabi_sdiv.o
        16          0          0          0          0         68   exit.o
         6          0          0          0          0        136   heapauxi.o
         0          0          0          0          0          0   indicate_semi.o
         2          0          0          0          0          0   libinit.o
         2          0          0          0          0          0   libinit2.o
         2          0          0          0          0          0   libshutdown.o
         2          0          0          0          0          0   libshutdown2.o
         8          4          0          0         96         68   libspace.o
       258          0          0          0          0         88   lludiv.o
        64          0          0          0          0        108   rt_memclr.o
        56          0          0          0          0         68   rt_memcpy.o
         2          0          0          0          0          0   rtexit.o
        10          0          0          0          0          0   rtexit2.o
        12          4          0          0          0         60   sys_exit.o
        62          0          0          0          0         80   sys_stackheap_outer.o
         2          0          0          0          0         68   use_no_semi.o
        46          0          0          0          0         60   cmpret.o
       124          4          0          0          0         72   d2f.o
       856         20          0          0          0        208   daddsub.o
       584         26          0          0          0         84   dmul.o
        84          4          0          0          0         60   f2d.o
       348          8          0          0          0        160   faddsub.o
       100          4          0          0          0         68   fcmpin.o
       352         10         64          0          0         92   fdiv.o
        48          0          0          0          0         60   ffixui.o
        94          0          0          0          0         92   fflti.o
        84          4          0          0          0         76   flef.o
       176          4          0          0          0         80   fmul.o
        16          6          0          0          0         68   fnan2.o
        88          4          0          0          0         76   frlef.o
       128          6          0          0          0         68   frnd.o
        94          0          0          0          0         68   retnan.o
         0          0          0          0          0          0   usenofp.o
       116          0          0          0          0         72   roundf.o

    ----------------------------------------------------------------------
      4340        116         64          0        100       2368   Library Totals
        12          0          0          0          4          0   (incl. Padding)

    ----------------------------------------------------------------------

      Code (inc. data)   RO Data    RW Data    ZI Data      Debug   Library Name

       990         16          0          0         96        904   c_p.l
      3222        100         64          0          0       1392   fz_ps.l
       116          0          0          0          0         72   m_ps.l

    ----------------------------------------------------------------------
      4340        116         64          0        100       2368   Library Totals

    ----------------------------------------------------------------------

==============================================================================


      Code (inc. data)   RO Data    RW Data    ZI Data      Debug   

     19176       1072        496        164       5724    1024042   Grand Totals
     19176       1072        496        164       5724    1024042   ELF Image Totals
     19176       1072        496        164          0          0   ROM Totals

==============================================================================

    Total RO  Size (Code + RO Data)                19672 (  19.21kB)
    Total RW  Size (RW Data + ZI Data)              5888 (   5.75kB)
    Total ROM Size (Code + RO Data + RW Data)      19836 (  19.37kB)

==============================================================================

